Component: ARM Compiler 5.06 update 6 (build 750) Tool: armlink [4d35ed]

==============================================================================

Section Cross References

    stm32f30x_gpio.o(i.GPIO_DeInit) refers to stm32f30x_rcc.o(i.RCC_AHBPeriphResetCmd) for RCC_AHBPeriphResetCmd
    stm32f30x_rcc.o(i.RCC_GetClocksFreq) refers to stm32f30x_rcc.o(.data) for APBAHBPrescTable
    stm32f30x_rcc.o(i.RCC_WaitForHSEStartUp) refers to stm32f30x_rcc.o(i.RCC_GetFlagStatus) for RCC_GetFlagStatus
    stm32f30x_tim.o(i.TIM_DeInit) refers to stm32f30x_rcc.o(i.RCC_APB2PeriphResetCmd) for RCC_APB2PeriphResetCmd
    stm32f30x_tim.o(i.TIM_DeInit) refers to stm32f30x_rcc.o(i.RCC_APB1PeriphResetCmd) for RCC_APB1PeriphResetCmd
    stm32f30x_tim.o(i.TIM_ETRClockMode1Config) refers to stm32f30x_tim.o(i.TIM_ETRConfig) for TIM_ETRConfig
    stm32f30x_tim.o(i.TIM_ETRClockMode2Config) refers to stm32f30x_tim.o(i.TIM_ETRConfig) for TIM_ETRConfig
    stm32f30x_tim.o(i.TIM_ICInit) refers to stm32f30x_tim.o(i.TI1_Config) for TI1_Config
    stm32f30x_tim.o(i.TIM_ICInit) refers to stm32f30x_tim.o(i.TIM_SetIC1Prescaler) for TIM_SetIC1Prescaler
    stm32f30x_tim.o(i.TIM_ICInit) refers to stm32f30x_tim.o(i.TI2_Config) for TI2_Config
    stm32f30x_tim.o(i.TIM_ICInit) refers to stm32f30x_tim.o(i.TIM_SetIC2Prescaler) for TIM_SetIC2Prescaler
    stm32f30x_tim.o(i.TIM_ICInit) refers to stm32f30x_tim.o(i.TI3_Config) for TI3_Config
    stm32f30x_tim.o(i.TIM_ICInit) refers to stm32f30x_tim.o(i.TIM_SetIC3Prescaler) for TIM_SetIC3Prescaler
    stm32f30x_tim.o(i.TIM_ICInit) refers to stm32f30x_tim.o(i.TI4_Config) for TI4_Config
    stm32f30x_tim.o(i.TIM_ICInit) refers to stm32f30x_tim.o(i.TIM_SetIC4Prescaler) for TIM_SetIC4Prescaler
    stm32f30x_tim.o(i.TIM_ITRxExternalClockConfig) refers to stm32f30x_tim.o(i.TIM_SelectInputTrigger) for TIM_SelectInputTrigger
    stm32f30x_tim.o(i.TIM_PWMIConfig) refers to stm32f30x_tim.o(i.TI1_Config) for TI1_Config
    stm32f30x_tim.o(i.TIM_PWMIConfig) refers to stm32f30x_tim.o(i.TIM_SetIC1Prescaler) for TIM_SetIC1Prescaler
    stm32f30x_tim.o(i.TIM_PWMIConfig) refers to stm32f30x_tim.o(i.TI2_Config) for TI2_Config
    stm32f30x_tim.o(i.TIM_PWMIConfig) refers to stm32f30x_tim.o(i.TIM_SetIC2Prescaler) for TIM_SetIC2Prescaler
    stm32f30x_tim.o(i.TIM_TIxExternalClockConfig) refers to stm32f30x_tim.o(i.TI2_Config) for TI2_Config
    stm32f30x_tim.o(i.TIM_TIxExternalClockConfig) refers to stm32f30x_tim.o(i.TI1_Config) for TI1_Config
    stm32f30x_tim.o(i.TIM_TIxExternalClockConfig) refers to stm32f30x_tim.o(i.TIM_SelectInputTrigger) for TIM_SelectInputTrigger
    stm32f30x_usart.o(i.USART_DeInit) refers to stm32f30x_rcc.o(i.RCC_APB2PeriphResetCmd) for RCC_APB2PeriphResetCmd
    stm32f30x_usart.o(i.USART_DeInit) refers to stm32f30x_rcc.o(i.RCC_APB1PeriphResetCmd) for RCC_APB1PeriphResetCmd
    stm32f30x_usart.o(i.USART_Init) refers to stm32f30x_rcc.o(i.RCC_GetClocksFreq) for RCC_GetClocksFreq
    stm32f30x_adc.o(i.ADC_DeInit) refers to stm32f30x_rcc.o(i.RCC_AHBPeriphResetCmd) for RCC_AHBPeriphResetCmd
    circuler_buffer.o(i.Circular_Buffer_Get) refers to circuler_buffer.o(i.Circular_Buff_Empty) for Circular_Buff_Empty
    circuler_buffer.o(i.Circular_Buffer_Put) refers to circuler_buffer.o(i.Circular_Buff_Full) for Circular_Buff_Full
    main.o(i.Con2And_send) refers to uart_function.o(i.USARTx_TX_Char) for USARTx_TX_Char
    main.o(i.TIMER6_timebase) refers to stm32f30x_tim.o(i.TIM_DeInit) for TIM_DeInit
    main.o(i.TIMER6_timebase) refers to stm32f30x_rcc.o(i.RCC_APB1PeriphClockCmd) for RCC_APB1PeriphClockCmd
    main.o(i.TIMER6_timebase) refers to stm32f30x_tim.o(i.TIM_TimeBaseInit) for TIM_TimeBaseInit
    main.o(i.TIMER6_timebase) refers to stm32f30x_tim.o(i.TIM_ITConfig) for TIM_ITConfig
    main.o(i.TIMER6_timebase) refers to stm32f30x_misc.o(i.NVIC_PriorityGroupConfig) for NVIC_PriorityGroupConfig
    main.o(i.TIMER6_timebase) refers to stm32f30x_misc.o(i.NVIC_Init) for NVIC_Init
    main.o(i.TIMER6_timebase) refers to stm32f30x_tim.o(i.TIM_SetCounter) for TIM_SetCounter
    main.o(i.check_Mottor_Toggle) refers to main.o(.data) for godown_cnt
    main.o(i.main) refers to memcpya.o(.text) for __aeabi_memcpy4
    main.o(i.main) refers to stm32f30x_gpio.o(i.GPIO_DeInit) for GPIO_DeInit
    main.o(i.main) refers to stm32f30x_gpio.o(i.GPIO_ResetBits) for GPIO_ResetBits
    main.o(i.main) refers to systick_delay.o(i.SysTick_init) for SysTick_init
    main.o(i.main) refers to stm32f30x_misc.o(i.NVIC_PriorityGroupConfig) for NVIC_PriorityGroupConfig
    main.o(i.main) refers to user_gpio.o(i.GPIO_IO_Init) for GPIO_IO_Init
    main.o(i.main) refers to user_gpio.o(i.GPIO_USART2_Init) for GPIO_USART2_Init
    main.o(i.main) refers to user_gpio.o(i.GPIO_ADC_Init) for GPIO_ADC_Init
    main.o(i.main) refers to circuler_buffer.o(i.Circular_Buff_Init) for Circular_Buff_Init
    main.o(i.main) refers to adc_function.o(i.ADC_Indep_Init) for ADC_Indep_Init
    main.o(i.main) refers to adc_function.o(i.ADC1_Indep_Init) for ADC1_Indep_Init
    main.o(i.main) refers to uart_function.o(i.USARTx_Init) for USARTx_Init
    main.o(i.main) refers to main.o(i.Task_init) for Task_init
    main.o(i.main) refers to main.o(i.GPIOx_bit_toggle) for GPIOx_bit_toggle
    main.o(i.main) refers to systick_delay.o(i.Delay_ms) for Delay_ms
    main.o(i.main) refers to main.o(i.TIMER6_timebase) for TIMER6_timebase
    main.o(i.main) refers to main.o(i.check_Time) for check_Time
    main.o(i.main) refers to main.o(i.Con2And_send) for Con2And_send
    main.o(i.main) refers to circuler_buffer.o(i.Circular_Buffer_Get) for Circular_Buffer_Get
    main.o(i.main) refers to main.o(i.check_TaskActive) for check_TaskActive
    main.o(i.main) refers to main.o(.constdata) for .constdata
    main.o(i.main) refers to main.o(.bss) for Buff_Array
    main.o(i.main) refers to stm32f30x_it.o(.bss) for Buff
    main.o(i.main) refers to stm32f30x_it.o(.data) for cnt_Global
    main.o(i.main) refers to main.o(.data) for cnt_led
    main.o(i.main) refers to uart_function.o(i.USARTx_TX) for USARTx_TX
    main.o(i.main) refers to stm32f30x_gpio.o(i.GPIO_SetBits) for GPIO_SetBits
    main.o(i.main) refers to stm32f30x_adc.o(i.ADC_StartConversion) for ADC_StartConversion
    main.o(i.main) refers to stm32f30x_adc.o(i.ADC_GetFlagStatus) for ADC_GetFlagStatus
    main.o(i.main) refers to stm32f30x_adc.o(i.ADC_GetConversionValue) for ADC_GetConversionValue
    main.o(i.main) refers to main.o(i.check_Mottor_Toggle) for check_Mottor_Toggle
    stm32f30x_it.o(i.ADC1_2_IRQHandler) refers to stm32f30x_adc.o(i.ADC_GetITStatus) for ADC_GetITStatus
    stm32f30x_it.o(i.ADC1_2_IRQHandler) refers to stm32f30x_adc.o(i.ADC_ClearITPendingBit) for ADC_ClearITPendingBit
    stm32f30x_it.o(i.ADC1_2_IRQHandler) refers to stm32f30x_adc.o(i.ADC_GetConversionValue) for ADC_GetConversionValue
    stm32f30x_it.o(i.ADC1_2_IRQHandler) refers to stm32f30x_it.o(.bss) for ADC_product_Dispense
    stm32f30x_it.o(i.ADC1_2_IRQHandler) refers to stm32f30x_it.o(.data) for cnt_MotorCurrent
    stm32f30x_it.o(i.EXTI0_IRQHandler) refers to stm32f30x_it.o(.data) for cnt_Dropss_Disable
    stm32f30x_it.o(i.TIM6_DAC1_IRQHandler) refers to stm32f30x_tim.o(i.TIM_GetITStatus) for TIM_GetITStatus
    stm32f30x_it.o(i.TIM6_DAC1_IRQHandler) refers to stm32f30x_tim.o(i.TIM_ClearITPendingBit) for TIM_ClearITPendingBit
    stm32f30x_it.o(i.TIM6_DAC1_IRQHandler) refers to stm32f30x_it.o(.data) for cnt_Global
    stm32f30x_it.o(i.USART1_IRQHandler) refers to stm32f30x_usart.o(i.USART_GetITStatus) for USART_GetITStatus
    stm32f30x_it.o(i.USART1_IRQHandler) refers to stm32f30x_usart.o(i.USART_ClearITPendingBit) for USART_ClearITPendingBit
    stm32f30x_it.o(i.USART2_IRQHandler) refers to stm32f30x_usart.o(i.USART_GetITStatus) for USART_GetITStatus
    stm32f30x_it.o(i.USART2_IRQHandler) refers to stm32f30x_usart.o(i.USART_ClearITPendingBit) for USART_ClearITPendingBit
    stm32f30x_it.o(i.USART2_IRQHandler) refers to circuler_buffer.o(i.Circular_Buffer_Put) for Circular_Buffer_Put
    stm32f30x_it.o(i.USART2_IRQHandler) refers to stm32f30x_it.o(.data) for Buff_RX
    stm32f30x_it.o(i.USART2_IRQHandler) refers to stm32f30x_it.o(.bss) for Buff
    systick_delay.o(i.Delay_10) refers to systick_delay.o(.data) for us_10tick
    systick_delay.o(i.Delay_ms) refers to systick_delay.o(i.Delay_10) for Delay_10
    systick_delay.o(i.SysTick_Handler) refers to systick_delay.o(.data) for us_10tick
    systick_delay.o(i.SysTick_init) refers to system_stm32f30x.o(i.SystemCoreClockUpdate) for SystemCoreClockUpdate
    systick_delay.o(i.SysTick_init) refers to system_stm32f30x.o(.data) for SystemCoreClock
    uart_function.o(i.USARTx_Init) refers to stm32f30x_rcc.o(i.RCC_APB1PeriphClockCmd) for RCC_APB1PeriphClockCmd
    uart_function.o(i.USARTx_Init) refers to stm32f30x_rcc.o(i.RCC_APB2PeriphClockCmd) for RCC_APB2PeriphClockCmd
    uart_function.o(i.USARTx_Init) refers to stm32f30x_usart.o(i.USART_DeInit) for USART_DeInit
    uart_function.o(i.USARTx_Init) refers to stm32f30x_usart.o(i.USART_Init) for USART_Init
    uart_function.o(i.USARTx_Init) refers to stm32f30x_usart.o(i.USART_ITConfig) for USART_ITConfig
    uart_function.o(i.USARTx_Init) refers to stm32f30x_misc.o(i.NVIC_PriorityGroupConfig) for NVIC_PriorityGroupConfig
    uart_function.o(i.USARTx_Init) refers to stm32f30x_misc.o(i.NVIC_Init) for NVIC_Init
    uart_function.o(i.USARTx_Init) refers to stm32f30x_usart.o(i.USART_Cmd) for USART_Cmd
    uart_function.o(i.USARTx_TX_FloatNumber) refers to uart_function.o(i.USARTx_TX_Char) for USARTx_TX_Char
    uart_function.o(i.USARTx_TX_IntNumber) refers to uart_function.o(i.USARTx_TX_Char) for USARTx_TX_Char
    uart_function.o(i.USARTx_TX_Str) refers to uart_function.o(i.USARTx_TX) for USARTx_TX
    user_gpio.o(i.GPIO_ADC_Init) refers to stm32f30x_gpio.o(i.GPIO_Init) for GPIO_Init
    user_gpio.o(i.GPIO_IO_Init) refers to stm32f30x_gpio.o(i.GPIO_Init) for GPIO_Init
    user_gpio.o(i.GPIO_USART1_Init) refers to stm32f30x_gpio.o(i.GPIO_Init) for GPIO_Init
    user_gpio.o(i.GPIO_USART1_Init) refers to stm32f30x_gpio.o(i.GPIO_PinAFConfig) for GPIO_PinAFConfig
    user_gpio.o(i.GPIO_USART2_Init) refers to stm32f30x_gpio.o(i.GPIO_Init) for GPIO_Init
    user_gpio.o(i.GPIO_USART2_Init) refers to stm32f30x_gpio.o(i.GPIO_PinAFConfig) for GPIO_PinAFConfig
    adc_function.o(i.ADC1_Indep_Init) refers to stm32f30x_rcc.o(i.RCC_ADCCLKConfig) for RCC_ADCCLKConfig
    adc_function.o(i.ADC1_Indep_Init) refers to stm32f30x_rcc.o(i.RCC_AHBPeriphClockCmd) for RCC_AHBPeriphClockCmd
    adc_function.o(i.ADC1_Indep_Init) refers to stm32f30x_adc.o(i.ADC_VoltageRegulatorCmd) for ADC_VoltageRegulatorCmd
    adc_function.o(i.ADC1_Indep_Init) refers to systick_delay.o(i.Delay_10) for Delay_10
    adc_function.o(i.ADC1_Indep_Init) refers to stm32f30x_adc.o(i.ADC_CommonInit) for ADC_CommonInit
    adc_function.o(i.ADC1_Indep_Init) refers to stm32f30x_adc.o(i.ADC_Cmd) for ADC_Cmd
    adc_function.o(i.ADC1_Indep_Init) refers to stm32f30x_adc.o(i.ADC_GetFlagStatus) for ADC_GetFlagStatus
    adc_function.o(i.ADC1_Indep_Init) refers to stm32f30x_adc.o(i.ADC_Init) for ADC_Init
    adc_function.o(i.ADC1_Indep_Init) refers to stm32f30x_adc.o(i.ADC_AutoDelayCmd) for ADC_AutoDelayCmd
    adc_function.o(i.ADC1_Indep_Init) refers to stm32f30x_adc.o(i.ADC_RegularChannelConfig) for ADC_RegularChannelConfig
    adc_function.o(i.ADC_Indep_Init) refers to stm32f30x_rcc.o(i.RCC_ADCCLKConfig) for RCC_ADCCLKConfig
    adc_function.o(i.ADC_Indep_Init) refers to stm32f30x_rcc.o(i.RCC_AHBPeriphClockCmd) for RCC_AHBPeriphClockCmd
    adc_function.o(i.ADC_Indep_Init) refers to stm32f30x_adc.o(i.ADC_VoltageRegulatorCmd) for ADC_VoltageRegulatorCmd
    adc_function.o(i.ADC_Indep_Init) refers to systick_delay.o(i.Delay_10) for Delay_10
    adc_function.o(i.ADC_Indep_Init) refers to stm32f30x_adc.o(i.ADC_CommonInit) for ADC_CommonInit
    adc_function.o(i.ADC_Indep_Init) refers to stm32f30x_adc.o(i.ADC_Cmd) for ADC_Cmd
    adc_function.o(i.ADC_Indep_Init) refers to stm32f30x_adc.o(i.ADC_GetFlagStatus) for ADC_GetFlagStatus
    adc_function.o(i.ADC_Indep_Init) refers to stm32f30x_adc.o(i.ADC_Init) for ADC_Init
    adc_function.o(i.ADC_Indep_Init) refers to stm32f30x_adc.o(i.ADC_AutoDelayCmd) for ADC_AutoDelayCmd
    adc_function.o(i.ADC_Indep_Init) refers to stm32f30x_adc.o(i.ADC_AnalogWatchdogCmd) for ADC_AnalogWatchdogCmd
    adc_function.o(i.ADC_Indep_Init) refers to stm32f30x_adc.o(i.ADC_AnalogWatchdog1ThresholdsConfig) for ADC_AnalogWatchdog1ThresholdsConfig
    adc_function.o(i.ADC_Indep_Init) refers to stm32f30x_adc.o(i.ADC_AnalogWatchdog1SingleChannelConfig) for ADC_AnalogWatchdog1SingleChannelConfig
    adc_function.o(i.ADC_Indep_Init) refers to stm32f30x_adc.o(i.ADC_ITConfig) for ADC_ITConfig
    adc_function.o(i.ADC_Indep_Init) refers to stm32f30x_adc.o(i.ADC_RegularChannelConfig) for ADC_RegularChannelConfig
    system_stm32f30x.o(i.SystemCoreClockUpdate) refers to system_stm32f30x.o(.data) for SystemCoreClock
    system_stm32f30x.o(i.SystemInit) refers to system_stm32f30x.o(i.SetSysClock) for SetSysClock
    startup_stm32f334x8.o(RESET) refers to startup_stm32f334x8.o(STACK) for __initial_sp
    startup_stm32f334x8.o(RESET) refers to startup_stm32f334x8.o(.text) for Reset_Handler
    startup_stm32f334x8.o(RESET) refers to systick_delay.o(i.SysTick_Handler) for SysTick_Handler
    startup_stm32f334x8.o(RESET) refers to stm32f30x_it.o(i.EXTI0_IRQHandler) for EXTI0_IRQHandler
    startup_stm32f334x8.o(RESET) refers to stm32f30x_it.o(i.ADC1_2_IRQHandler) for ADC1_2_IRQHandler
    startup_stm32f334x8.o(RESET) refers to stm32f30x_it.o(i.USART1_IRQHandler) for USART1_IRQHandler
    startup_stm32f334x8.o(RESET) refers to stm32f30x_it.o(i.USART2_IRQHandler) for USART2_IRQHandler
    startup_stm32f334x8.o(RESET) refers to stm32f30x_it.o(i.TIM6_DAC1_IRQHandler) for TIM6_DAC1_IRQHandler
    startup_stm32f334x8.o(.text) refers to system_stm32f30x.o(i.SystemInit) for SystemInit
    startup_stm32f334x8.o(.text) refers to entry.o(.ARM.Collect$$$$00000000) for __main
    entry.o(.ARM.Collect$$$$00000000) refers (Special) to entry10a.o(.ARM.Collect$$$$0000000D) for __rt_final_cpp
    entry.o(.ARM.Collect$$$$00000000) refers (Special) to entry11a.o(.ARM.Collect$$$$0000000F) for __rt_final_exit
    entry.o(.ARM.Collect$$$$00000000) refers (Special) to entry7b.o(.ARM.Collect$$$$00000008) for _main_clock
    entry.o(.ARM.Collect$$$$00000000) refers (Special) to entry8b.o(.ARM.Collect$$$$0000000A) for _main_cpp_init
    entry.o(.ARM.Collect$$$$00000000) refers (Special) to entry9a.o(.ARM.Collect$$$$0000000B) for _main_init
    entry.o(.ARM.Collect$$$$00000000) refers (Special) to entry5.o(.ARM.Collect$$$$00000004) for _main_scatterload
    entry.o(.ARM.Collect$$$$00000000) refers (Special) to entry2.o(.ARM.Collect$$$$00000001) for _main_stk
    entry2.o(.ARM.Collect$$$$00000001) refers to entry2.o(.ARM.Collect$$$$00002712) for __lit__00000000
    entry2.o(.ARM.Collect$$$$00002712) refers to startup_stm32f334x8.o(STACK) for __initial_sp
    entry2.o(__vectab_stack_and_reset_area) refers to startup_stm32f334x8.o(STACK) for __initial_sp
    entry2.o(__vectab_stack_and_reset_area) refers to entry.o(.ARM.Collect$$$$00000000) for __main
    entry5.o(.ARM.Collect$$$$00000004) refers to init.o(.text) for __scatterload
    entry9a.o(.ARM.Collect$$$$0000000B) refers to main.o(i.main) for main
    entry9b.o(.ARM.Collect$$$$0000000C) refers to main.o(i.main) for main
    init.o(.text) refers to entry5.o(.ARM.Collect$$$$00000004) for __main_after_scatterload


==============================================================================

Removing Unused input sections from the image.

    Removing stm32f30x_gpio.o(.rev16_text), (4 bytes).
    Removing stm32f30x_gpio.o(.revsh_text), (4 bytes).
    Removing stm32f30x_gpio.o(.rrx_text), (6 bytes).
    Removing stm32f30x_gpio.o(i.GPIO_PinLockConfig), (18 bytes).
    Removing stm32f30x_gpio.o(i.GPIO_ReadInputData), (6 bytes).
    Removing stm32f30x_gpio.o(i.GPIO_ReadInputDataBit), (18 bytes).
    Removing stm32f30x_gpio.o(i.GPIO_ReadOutputData), (6 bytes).
    Removing stm32f30x_gpio.o(i.GPIO_ReadOutputDataBit), (18 bytes).
    Removing stm32f30x_gpio.o(i.GPIO_StructInit), (22 bytes).
    Removing stm32f30x_gpio.o(i.GPIO_Write), (4 bytes).
    Removing stm32f30x_gpio.o(i.GPIO_WriteBit), (10 bytes).
    Removing stm32f30x_misc.o(.rev16_text), (4 bytes).
    Removing stm32f30x_misc.o(.revsh_text), (4 bytes).
    Removing stm32f30x_misc.o(.rrx_text), (6 bytes).
    Removing stm32f30x_misc.o(i.NVIC_SetVectorTable), (20 bytes).
    Removing stm32f30x_misc.o(i.NVIC_SystemLPConfig), (32 bytes).
    Removing stm32f30x_misc.o(i.SysTick_CLKSourceConfig), (40 bytes).
    Removing stm32f30x_rcc.o(.rev16_text), (4 bytes).
    Removing stm32f30x_rcc.o(.revsh_text), (4 bytes).
    Removing stm32f30x_rcc.o(.rrx_text), (6 bytes).
    Removing stm32f30x_rcc.o(i.RCC_AdjustHSICalibrationValue), (24 bytes).
    Removing stm32f30x_rcc.o(i.RCC_BackupResetCmd), (12 bytes).
    Removing stm32f30x_rcc.o(i.RCC_ClearFlag), (20 bytes).
    Removing stm32f30x_rcc.o(i.RCC_ClearITPendingBit), (12 bytes).
    Removing stm32f30x_rcc.o(i.RCC_ClockSecuritySystemCmd), (12 bytes).
    Removing stm32f30x_rcc.o(i.RCC_DeInit), (100 bytes).
    Removing stm32f30x_rcc.o(i.RCC_GetFlagStatus), (68 bytes).
    Removing stm32f30x_rcc.o(i.RCC_GetITStatus), (24 bytes).
    Removing stm32f30x_rcc.o(i.RCC_GetSYSCLKSource), (16 bytes).
    Removing stm32f30x_rcc.o(i.RCC_HCLKConfig), (24 bytes).
    Removing stm32f30x_rcc.o(i.RCC_HRTIM1CLKConfig), (28 bytes).
    Removing stm32f30x_rcc.o(i.RCC_HSEConfig), (16 bytes).
    Removing stm32f30x_rcc.o(i.RCC_HSICmd), (12 bytes).
    Removing stm32f30x_rcc.o(i.RCC_I2CCLKConfig), (80 bytes).
    Removing stm32f30x_rcc.o(i.RCC_I2SCLKConfig), (12 bytes).
    Removing stm32f30x_rcc.o(i.RCC_ITConfig), (32 bytes).
    Removing stm32f30x_rcc.o(i.RCC_LSEConfig), (36 bytes).
    Removing stm32f30x_rcc.o(i.RCC_LSEDriveConfig), (28 bytes).
    Removing stm32f30x_rcc.o(i.RCC_LSICmd), (12 bytes).
    Removing stm32f30x_rcc.o(i.RCC_MCOConfig), (28 bytes).
    Removing stm32f30x_rcc.o(i.RCC_PCLK1Config), (24 bytes).
    Removing stm32f30x_rcc.o(i.RCC_PCLK2Config), (24 bytes).
    Removing stm32f30x_rcc.o(i.RCC_PLLCmd), (12 bytes).
    Removing stm32f30x_rcc.o(i.RCC_PLLConfig), (32 bytes).
    Removing stm32f30x_rcc.o(i.RCC_PREDIV1Config), (24 bytes).
    Removing stm32f30x_rcc.o(i.RCC_RTCCLKCmd), (12 bytes).
    Removing stm32f30x_rcc.o(i.RCC_RTCCLKConfig), (16 bytes).
    Removing stm32f30x_rcc.o(i.RCC_SYSCLKConfig), (24 bytes).
    Removing stm32f30x_rcc.o(i.RCC_TIMCLKConfig), (152 bytes).
    Removing stm32f30x_rcc.o(i.RCC_USARTCLKConfig), (108 bytes).
    Removing stm32f30x_rcc.o(i.RCC_USBCLKConfig), (12 bytes).
    Removing stm32f30x_rcc.o(i.RCC_WaitForHSEStartUp), (56 bytes).
    Removing stm32f30x_tim.o(.rev16_text), (4 bytes).
    Removing stm32f30x_tim.o(.revsh_text), (4 bytes).
    Removing stm32f30x_tim.o(.rrx_text), (6 bytes).
    Removing stm32f30x_tim.o(i.TI1_Config), (48 bytes).
    Removing stm32f30x_tim.o(i.TI2_Config), (66 bytes).
    Removing stm32f30x_tim.o(i.TI3_Config), (76 bytes).
    Removing stm32f30x_tim.o(i.TI4_Config), (84 bytes).
    Removing stm32f30x_tim.o(i.TIM_ARRPreloadConfig), (24 bytes).
    Removing stm32f30x_tim.o(i.TIM_BDTRConfig), (30 bytes).
    Removing stm32f30x_tim.o(i.TIM_BDTRStructInit), (18 bytes).
    Removing stm32f30x_tim.o(i.TIM_Break1Cmd), (22 bytes).
    Removing stm32f30x_tim.o(i.TIM_Break1Config), (22 bytes).
    Removing stm32f30x_tim.o(i.TIM_Break2Cmd), (22 bytes).
    Removing stm32f30x_tim.o(i.TIM_Break2Config), (22 bytes).
    Removing stm32f30x_tim.o(i.TIM_CCPreloadControl), (24 bytes).
    Removing stm32f30x_tim.o(i.TIM_CCxCmd), (28 bytes).
    Removing stm32f30x_tim.o(i.TIM_CCxNCmd), (28 bytes).
    Removing stm32f30x_tim.o(i.TIM_ClearFlag), (8 bytes).
    Removing stm32f30x_tim.o(i.TIM_ClearOC1Ref), (16 bytes).
    Removing stm32f30x_tim.o(i.TIM_ClearOC2Ref), (18 bytes).
    Removing stm32f30x_tim.o(i.TIM_ClearOC3Ref), (16 bytes).
    Removing stm32f30x_tim.o(i.TIM_ClearOC4Ref), (18 bytes).
    Removing stm32f30x_tim.o(i.TIM_ClearOC5Ref), (16 bytes).
    Removing stm32f30x_tim.o(i.TIM_ClearOC6Ref), (18 bytes).
    Removing stm32f30x_tim.o(i.TIM_Cmd), (24 bytes).
    Removing stm32f30x_tim.o(i.TIM_CounterModeConfig), (18 bytes).
    Removing stm32f30x_tim.o(i.TIM_CtrlPWMOutputs), (22 bytes).
    Removing stm32f30x_tim.o(i.TIM_DMACmd), (24 bytes).
    Removing stm32f30x_tim.o(i.TIM_DMAConfig), (10 bytes).
    Removing stm32f30x_tim.o(i.TIM_ETRClockMode1Config), (56 bytes).
    Removing stm32f30x_tim.o(i.TIM_ETRClockMode2Config), (32 bytes).
    Removing stm32f30x_tim.o(i.TIM_ETRConfig), (30 bytes).
    Removing stm32f30x_tim.o(i.TIM_EncoderInterfaceConfig), (72 bytes).
    Removing stm32f30x_tim.o(i.TIM_ForcedOC1Config), (20 bytes).
    Removing stm32f30x_tim.o(i.TIM_ForcedOC2Config), (24 bytes).
    Removing stm32f30x_tim.o(i.TIM_ForcedOC3Config), (16 bytes).
    Removing stm32f30x_tim.o(i.TIM_ForcedOC4Config), (18 bytes).
    Removing stm32f30x_tim.o(i.TIM_ForcedOC5Config), (16 bytes).
    Removing stm32f30x_tim.o(i.TIM_ForcedOC6Config), (18 bytes).
    Removing stm32f30x_tim.o(i.TIM_GenerateEvent), (4 bytes).
    Removing stm32f30x_tim.o(i.TIM_GetCapture1), (6 bytes).
    Removing stm32f30x_tim.o(i.TIM_GetCapture2), (6 bytes).
    Removing stm32f30x_tim.o(i.TIM_GetCapture3), (6 bytes).
    Removing stm32f30x_tim.o(i.TIM_GetCapture4), (6 bytes).
    Removing stm32f30x_tim.o(i.TIM_GetCounter), (6 bytes).
    Removing stm32f30x_tim.o(i.TIM_GetFlagStatus), (18 bytes).
    Removing stm32f30x_tim.o(i.TIM_GetPrescaler), (6 bytes).
    Removing stm32f30x_tim.o(i.TIM_ICInit), (110 bytes).
    Removing stm32f30x_tim.o(i.TIM_ICStructInit), (18 bytes).
    Removing stm32f30x_tim.o(i.TIM_ITRxExternalClockConfig), (24 bytes).
    Removing stm32f30x_tim.o(i.TIM_InternalClockConfig), (12 bytes).
    Removing stm32f30x_tim.o(i.TIM_OC1FastConfig), (16 bytes).
    Removing stm32f30x_tim.o(i.TIM_OC1Init), (144 bytes).
    Removing stm32f30x_tim.o(i.TIM_OC1NPolarityConfig), (16 bytes).
    Removing stm32f30x_tim.o(i.TIM_OC1PolarityConfig), (16 bytes).
    Removing stm32f30x_tim.o(i.TIM_OC1PreloadConfig), (16 bytes).
    Removing stm32f30x_tim.o(i.TIM_OC2FastConfig), (18 bytes).
    Removing stm32f30x_tim.o(i.TIM_OC2Init), (128 bytes).
    Removing stm32f30x_tim.o(i.TIM_OC2NPolarityConfig), (18 bytes).
    Removing stm32f30x_tim.o(i.TIM_OC2PolarityConfig), (18 bytes).
    Removing stm32f30x_tim.o(i.TIM_OC2PreloadConfig), (18 bytes).
    Removing stm32f30x_tim.o(i.TIM_OC3FastConfig), (16 bytes).
    Removing stm32f30x_tim.o(i.TIM_OC3Init), (124 bytes).
    Removing stm32f30x_tim.o(i.TIM_OC3NPolarityConfig), (18 bytes).
    Removing stm32f30x_tim.o(i.TIM_OC3PolarityConfig), (18 bytes).
    Removing stm32f30x_tim.o(i.TIM_OC3PreloadConfig), (16 bytes).
    Removing stm32f30x_tim.o(i.TIM_OC4FastConfig), (18 bytes).
    Removing stm32f30x_tim.o(i.TIM_OC4Init), (96 bytes).
    Removing stm32f30x_tim.o(i.TIM_OC4PolarityConfig), (18 bytes).
    Removing stm32f30x_tim.o(i.TIM_OC4PreloadConfig), (18 bytes).
    Removing stm32f30x_tim.o(i.TIM_OC5Init), (88 bytes).
    Removing stm32f30x_tim.o(i.TIM_OC5PolarityConfig), (18 bytes).
    Removing stm32f30x_tim.o(i.TIM_OC5PreloadConfig), (16 bytes).
    Removing stm32f30x_tim.o(i.TIM_OC6Init), (96 bytes).
    Removing stm32f30x_tim.o(i.TIM_OC6PolarityConfig), (18 bytes).
    Removing stm32f30x_tim.o(i.TIM_OC6PreloadConfig), (18 bytes).
    Removing stm32f30x_tim.o(i.TIM_OCStructInit), (20 bytes).
    Removing stm32f30x_tim.o(i.TIM_PWMIConfig), (124 bytes).
    Removing stm32f30x_tim.o(i.TIM_PrescalerConfig), (6 bytes).
    Removing stm32f30x_tim.o(i.TIM_RemapConfig), (6 bytes).
    Removing stm32f30x_tim.o(i.TIM_SelectCCDMA), (24 bytes).
    Removing stm32f30x_tim.o(i.TIM_SelectCOM), (24 bytes).
    Removing stm32f30x_tim.o(i.TIM_SelectGC5C1), (22 bytes).
    Removing stm32f30x_tim.o(i.TIM_SelectGC5C2), (22 bytes).
    Removing stm32f30x_tim.o(i.TIM_SelectGC5C3), (22 bytes).
    Removing stm32f30x_tim.o(i.TIM_SelectHallSensor), (24 bytes).
    Removing stm32f30x_tim.o(i.TIM_SelectInputTrigger), (20 bytes).
    Removing stm32f30x_tim.o(i.TIM_SelectMasterSlaveMode), (18 bytes).
    Removing stm32f30x_tim.o(i.TIM_SelectOCREFClear), (18 bytes).
    Removing stm32f30x_tim.o(i.TIM_SelectOCxM), (88 bytes).
    Removing stm32f30x_tim.o(i.TIM_SelectOnePulseMode), (18 bytes).
    Removing stm32f30x_tim.o(i.TIM_SelectOutputTrigger), (18 bytes).
    Removing stm32f30x_tim.o(i.TIM_SelectOutputTrigger2), (16 bytes).
    Removing stm32f30x_tim.o(i.TIM_SelectSlaveMode), (20 bytes).
    Removing stm32f30x_tim.o(i.TIM_SetAutoreload), (4 bytes).
    Removing stm32f30x_tim.o(i.TIM_SetClockDivision), (18 bytes).
    Removing stm32f30x_tim.o(i.TIM_SetCompare1), (4 bytes).
    Removing stm32f30x_tim.o(i.TIM_SetCompare2), (4 bytes).
    Removing stm32f30x_tim.o(i.TIM_SetCompare3), (4 bytes).
    Removing stm32f30x_tim.o(i.TIM_SetCompare4), (4 bytes).
    Removing stm32f30x_tim.o(i.TIM_SetCompare5), (4 bytes).
    Removing stm32f30x_tim.o(i.TIM_SetCompare6), (4 bytes).
    Removing stm32f30x_tim.o(i.TIM_SetIC1Prescaler), (16 bytes).
    Removing stm32f30x_tim.o(i.TIM_SetIC2Prescaler), (18 bytes).
    Removing stm32f30x_tim.o(i.TIM_SetIC3Prescaler), (18 bytes).
    Removing stm32f30x_tim.o(i.TIM_SetIC4Prescaler), (26 bytes).
    Removing stm32f30x_tim.o(i.TIM_TIxExternalClockConfig), (62 bytes).
    Removing stm32f30x_tim.o(i.TIM_TimeBaseStructInit), (18 bytes).
    Removing stm32f30x_tim.o(i.TIM_UIFRemap), (24 bytes).
    Removing stm32f30x_tim.o(i.TIM_UpdateDisableConfig), (24 bytes).
    Removing stm32f30x_tim.o(i.TIM_UpdateRequestConfig), (24 bytes).
    Removing stm32f30x_usart.o(.rev16_text), (4 bytes).
    Removing stm32f30x_usart.o(.revsh_text), (4 bytes).
    Removing stm32f30x_usart.o(.rrx_text), (6 bytes).
    Removing stm32f30x_usart.o(i.USART_AddressDetectionConfig), (16 bytes).
    Removing stm32f30x_usart.o(i.USART_AutoBaudRateCmd), (22 bytes).
    Removing stm32f30x_usart.o(i.USART_AutoBaudRateConfig), (16 bytes).
    Removing stm32f30x_usart.o(i.USART_ClearFlag), (4 bytes).
    Removing stm32f30x_usart.o(i.USART_ClockInit), (30 bytes).
    Removing stm32f30x_usart.o(i.USART_ClockStructInit), (12 bytes).
    Removing stm32f30x_usart.o(i.USART_DECmd), (22 bytes).
    Removing stm32f30x_usart.o(i.USART_DEPolarityConfig), (16 bytes).
    Removing stm32f30x_usart.o(i.USART_DMACmd), (18 bytes).
    Removing stm32f30x_usart.o(i.USART_DMAReceptionErrorConfig), (16 bytes).
    Removing stm32f30x_usart.o(i.USART_DataInvCmd), (22 bytes).
    Removing stm32f30x_usart.o(i.USART_DirectionModeCmd), (18 bytes).
    Removing stm32f30x_usart.o(i.USART_GetFlagStatus), (18 bytes).
    Removing stm32f30x_usart.o(i.USART_HalfDuplexCmd), (22 bytes).
    Removing stm32f30x_usart.o(i.USART_InvPinCmd), (18 bytes).
    Removing stm32f30x_usart.o(i.USART_IrDACmd), (22 bytes).
    Removing stm32f30x_usart.o(i.USART_IrDAConfig), (16 bytes).
    Removing stm32f30x_usart.o(i.USART_LINBreakDetectLengthConfig), (16 bytes).
    Removing stm32f30x_usart.o(i.USART_LINCmd), (22 bytes).
    Removing stm32f30x_usart.o(i.USART_MSBFirstCmd), (22 bytes).
    Removing stm32f30x_usart.o(i.USART_MuteModeCmd), (22 bytes).
    Removing stm32f30x_usart.o(i.USART_MuteModeWakeUpConfig), (16 bytes).
    Removing stm32f30x_usart.o(i.USART_OneBitMethodCmd), (22 bytes).
    Removing stm32f30x_usart.o(i.USART_OverSampling8Cmd), (22 bytes).
    Removing stm32f30x_usart.o(i.USART_OverrunDetectionConfig), (16 bytes).
    Removing stm32f30x_usart.o(i.USART_ReceiveData), (10 bytes).
    Removing stm32f30x_usart.o(i.USART_ReceiverTimeOutCmd), (22 bytes).
    Removing stm32f30x_usart.o(i.USART_RequestCmd), (18 bytes).
    Removing stm32f30x_usart.o(i.USART_STOPModeCmd), (22 bytes).
    Removing stm32f30x_usart.o(i.USART_SWAPPinCmd), (22 bytes).
    Removing stm32f30x_usart.o(i.USART_SendData), (8 bytes).
    Removing stm32f30x_usart.o(i.USART_SetAddress), (18 bytes).
    Removing stm32f30x_usart.o(i.USART_SetAutoRetryCount), (18 bytes).
    Removing stm32f30x_usart.o(i.USART_SetBlockLength), (18 bytes).
    Removing stm32f30x_usart.o(i.USART_SetDEAssertionTime), (18 bytes).
    Removing stm32f30x_usart.o(i.USART_SetDEDeassertionTime), (18 bytes).
    Removing stm32f30x_usart.o(i.USART_SetGuardTime), (16 bytes).
    Removing stm32f30x_usart.o(i.USART_SetPrescaler), (16 bytes).
    Removing stm32f30x_usart.o(i.USART_SetReceiverTimeOut), (16 bytes).
    Removing stm32f30x_usart.o(i.USART_SmartCardCmd), (22 bytes).
    Removing stm32f30x_usart.o(i.USART_SmartCardNACKCmd), (22 bytes).
    Removing stm32f30x_usart.o(i.USART_StopModeWakeUpSourceConfig), (16 bytes).
    Removing stm32f30x_usart.o(i.USART_StructInit), (24 bytes).
    Removing stm32f30x_adc.o(.rev16_text), (4 bytes).
    Removing stm32f30x_adc.o(.revsh_text), (4 bytes).
    Removing stm32f30x_adc.o(.rrx_text), (6 bytes).
    Removing stm32f30x_adc.o(i.ADC_AnalogWatchdog2SingleChannelConfig), (32 bytes).
    Removing stm32f30x_adc.o(i.ADC_AnalogWatchdog2ThresholdsConfig), (32 bytes).
    Removing stm32f30x_adc.o(i.ADC_AnalogWatchdog3SingleChannelConfig), (32 bytes).
    Removing stm32f30x_adc.o(i.ADC_AnalogWatchdog3ThresholdsConfig), (32 bytes).
    Removing stm32f30x_adc.o(i.ADC_AutoInjectedConvCmd), (22 bytes).
    Removing stm32f30x_adc.o(i.ADC_ChannelOffset1Cmd), (22 bytes).
    Removing stm32f30x_adc.o(i.ADC_ChannelOffset2Cmd), (22 bytes).
    Removing stm32f30x_adc.o(i.ADC_ChannelOffset3Cmd), (22 bytes).
    Removing stm32f30x_adc.o(i.ADC_ChannelOffset4Cmd), (22 bytes).
    Removing stm32f30x_adc.o(i.ADC_ClearCommonFlag), (52 bytes).
    Removing stm32f30x_adc.o(i.ADC_ClearFlag), (4 bytes).
    Removing stm32f30x_adc.o(i.ADC_CommonStructInit), (14 bytes).
    Removing stm32f30x_adc.o(i.ADC_DMACmd), (22 bytes).
    Removing stm32f30x_adc.o(i.ADC_DMAConfig), (16 bytes).
    Removing stm32f30x_adc.o(i.ADC_DeInit), (80 bytes).
    Removing stm32f30x_adc.o(i.ADC_DisableCmd), (10 bytes).
    Removing stm32f30x_adc.o(i.ADC_DiscModeChannelCountConfig), (24 bytes).
    Removing stm32f30x_adc.o(i.ADC_DiscModeCmd), (22 bytes).
    Removing stm32f30x_adc.o(i.ADC_ExternalTriggerConfig), (22 bytes).
    Removing stm32f30x_adc.o(i.ADC_GetCalibrationStatus), (20 bytes).
    Removing stm32f30x_adc.o(i.ADC_GetCalibrationValue), (8 bytes).
    Removing stm32f30x_adc.o(i.ADC_GetCommonFlagStatus), (56 bytes).
    Removing stm32f30x_adc.o(i.ADC_GetDisableCmdStatus), (20 bytes).
    Removing stm32f30x_adc.o(i.ADC_GetDualModeConversionValue), (40 bytes).
    Removing stm32f30x_adc.o(i.ADC_GetInjectedConversionValue), (32 bytes).
    Removing stm32f30x_adc.o(i.ADC_GetStartConversionStatus), (20 bytes).
    Removing stm32f30x_adc.o(i.ADC_GetStartInjectedConversionStatus), (20 bytes).
    Removing stm32f30x_adc.o(i.ADC_InjectedChannelSampleTimeConfig), (82 bytes).
    Removing stm32f30x_adc.o(i.ADC_InjectedDiscModeCmd), (22 bytes).
    Removing stm32f30x_adc.o(i.ADC_InjectedInit), (48 bytes).
    Removing stm32f30x_adc.o(i.ADC_InjectedStructInit), (20 bytes).
    Removing stm32f30x_adc.o(i.ADC_RegularChannelSequencerLengthConfig), (18 bytes).
    Removing stm32f30x_adc.o(i.ADC_SelectCalibrationMode), (16 bytes).
    Removing stm32f30x_adc.o(i.ADC_SelectDifferentialMode), (36 bytes).
    Removing stm32f30x_adc.o(i.ADC_SelectQueueOfContextMode), (22 bytes).
    Removing stm32f30x_adc.o(i.ADC_SetCalibrationValue), (6 bytes).
    Removing stm32f30x_adc.o(i.ADC_SetChannelOffset1), (32 bytes).
    Removing stm32f30x_adc.o(i.ADC_SetChannelOffset2), (32 bytes).
    Removing stm32f30x_adc.o(i.ADC_SetChannelOffset3), (32 bytes).
    Removing stm32f30x_adc.o(i.ADC_SetChannelOffset4), (32 bytes).
    Removing stm32f30x_adc.o(i.ADC_StartCalibration), (10 bytes).
    Removing stm32f30x_adc.o(i.ADC_StartInjectedConversion), (10 bytes).
    Removing stm32f30x_adc.o(i.ADC_StopConversion), (10 bytes).
    Removing stm32f30x_adc.o(i.ADC_StopInjectedConversion), (10 bytes).
    Removing stm32f30x_adc.o(i.ADC_StructInit), (22 bytes).
    Removing stm32f30x_adc.o(i.ADC_TempSensorCmd), (44 bytes).
    Removing stm32f30x_adc.o(i.ADC_VbatCmd), (44 bytes).
    Removing stm32f30x_adc.o(i.ADC_VrefintCmd), (92 bytes).
    Removing stm32f30x_exti.o(.rev16_text), (4 bytes).
    Removing stm32f30x_exti.o(.revsh_text), (4 bytes).
    Removing stm32f30x_exti.o(.rrx_text), (6 bytes).
    Removing stm32f30x_exti.o(i.EXTI_ClearFlag), (28 bytes).
    Removing stm32f30x_exti.o(i.EXTI_ClearITPendingBit), (28 bytes).
    Removing stm32f30x_exti.o(i.EXTI_DeInit), (72 bytes).
    Removing stm32f30x_exti.o(i.EXTI_GenerateSWInterrupt), (40 bytes).
    Removing stm32f30x_exti.o(i.EXTI_GetFlagStatus), (44 bytes).
    Removing stm32f30x_exti.o(i.EXTI_GetITStatus), (44 bytes).
    Removing stm32f30x_exti.o(i.EXTI_Init), (364 bytes).
    Removing stm32f30x_exti.o(i.EXTI_StructInit), (16 bytes).
    Removing circuler_buffer.o(.rev16_text), (4 bytes).
    Removing circuler_buffer.o(.revsh_text), (4 bytes).
    Removing circuler_buffer.o(.rrx_text), (6 bytes).
    Removing circuler_buffer.o(i.Circular_Buff_Reset), (10 bytes).
    Removing circuler_buffer.o(i.Circular_Buffer_PutBackSpace), (24 bytes).
    Removing main.o(.rev16_text), (4 bytes).
    Removing main.o(.revsh_text), (4 bytes).
    Removing main.o(.rrx_text), (6 bytes).
    Removing stm32f30x_it.o(.rev16_text), (4 bytes).
    Removing stm32f30x_it.o(.revsh_text), (4 bytes).
    Removing stm32f30x_it.o(.rrx_text), (6 bytes).
    Removing systick_delay.o(.rev16_text), (4 bytes).
    Removing systick_delay.o(.revsh_text), (4 bytes).
    Removing systick_delay.o(.rrx_text), (6 bytes).
    Removing uart_function.o(.rev16_text), (4 bytes).
    Removing uart_function.o(.revsh_text), (4 bytes).
    Removing uart_function.o(.rrx_text), (6 bytes).
    Removing uart_function.o(i.USARTx_RX_CheckData), (44 bytes).
    Removing uart_function.o(i.USARTx_TX_Cir), (50 bytes).
    Removing uart_function.o(i.USARTx_TX_FloatNumber), (40 bytes).
    Removing uart_function.o(i.USARTx_TX_IntNumber), (24 bytes).
    Removing uart_function.o(i.USARTx_TX_Str), (46 bytes).
    Removing user_gpio.o(.rev16_text), (4 bytes).
    Removing user_gpio.o(.revsh_text), (4 bytes).
    Removing user_gpio.o(.rrx_text), (6 bytes).
    Removing user_gpio.o(i.GPIO_USART1_Init), (64 bytes).
    Removing adc_function.o(.rev16_text), (4 bytes).
    Removing adc_function.o(.revsh_text), (4 bytes).
    Removing adc_function.o(.rrx_text), (6 bytes).
    Removing system_stm32f30x.o(.rev16_text), (4 bytes).
    Removing system_stm32f30x.o(.revsh_text), (4 bytes).
    Removing system_stm32f30x.o(.rrx_text), (6 bytes).
    Removing startup_stm32f334x8.o(HEAP), (512 bytes).

304 unused section(s) (total 8132 bytes) removed from the image.

==============================================================================

Image Symbol Table

    Local Symbols

    Symbol Name                              Value     Ov Type        Size  Object(Section)

    ../clib/microlib/init/entry.s            0x00000000   Number         0  entry10b.o ABSOLUTE
    ../clib/microlib/init/entry.s            0x00000000   Number         0  entry5.o ABSOLUTE
    ../clib/microlib/init/entry.s            0x00000000   Number         0  entry10a.o ABSOLUTE
    ../clib/microlib/init/entry.s            0x00000000   Number         0  entry9b.o ABSOLUTE
    ../clib/microlib/init/entry.s            0x00000000   Number         0  entry7b.o ABSOLUTE
    ../clib/microlib/init/entry.s            0x00000000   Number         0  entry11b.o ABSOLUTE
    ../clib/microlib/init/entry.s            0x00000000   Number         0  entry9a.o ABSOLUTE
    ../clib/microlib/init/entry.s            0x00000000   Number         0  entry7a.o ABSOLUTE
    ../clib/microlib/init/entry.s            0x00000000   Number         0  entry8b.o ABSOLUTE
    ../clib/microlib/init/entry.s            0x00000000   Number         0  entry11a.o ABSOLUTE
    ../clib/microlib/init/entry.s            0x00000000   Number         0  entry8a.o ABSOLUTE
    ../clib/microlib/init/entry.s            0x00000000   Number         0  entry2.o ABSOLUTE
    ../clib/microlib/init/entry.s            0x00000000   Number         0  entry.o ABSOLUTE
    ../clib/microlib/string/memcpy.c         0x00000000   Number         0  memcpya.o ABSOLUTE
    ../clib/microlib/string/memcpy.c         0x00000000   Number         0  memcpyb.o ABSOLUTE
    ..\..\Libraries\CMSIS\Device\ST\STM32F30x\Source\Templates\arm\startup_stm32f334x8.s 0x00000000   Number         0  startup_stm32f334x8.o ABSOLUTE
    ..\..\Libraries\STM32F30x_StdPeriph_Driver\src\stm32f30x_adc.c 0x00000000   Number         0  stm32f30x_adc.o ABSOLUTE
    ..\..\Libraries\STM32F30x_StdPeriph_Driver\src\stm32f30x_exti.c 0x00000000   Number         0  stm32f30x_exti.o ABSOLUTE
    ..\..\Libraries\STM32F30x_StdPeriph_Driver\src\stm32f30x_gpio.c 0x00000000   Number         0  stm32f30x_gpio.o ABSOLUTE
    ..\..\Libraries\STM32F30x_StdPeriph_Driver\src\stm32f30x_misc.c 0x00000000   Number         0  stm32f30x_misc.o ABSOLUTE
    ..\..\Libraries\STM32F30x_StdPeriph_Driver\src\stm32f30x_rcc.c 0x00000000   Number         0  stm32f30x_rcc.o ABSOLUTE
    ..\..\Libraries\STM32F30x_StdPeriph_Driver\src\stm32f30x_tim.c 0x00000000   Number         0  stm32f30x_tim.o ABSOLUTE
    ..\..\Libraries\STM32F30x_StdPeriph_Driver\src\stm32f30x_usart.c 0x00000000   Number         0  stm32f30x_usart.o ABSOLUTE
    ..\\..\\Libraries\\STM32F30x_StdPeriph_Driver\\src\\stm32f30x_adc.c 0x00000000   Number         0  stm32f30x_adc.o ABSOLUTE
    ..\\..\\Libraries\\STM32F30x_StdPeriph_Driver\\src\\stm32f30x_exti.c 0x00000000   Number         0  stm32f30x_exti.o ABSOLUTE
    ..\\..\\Libraries\\STM32F30x_StdPeriph_Driver\\src\\stm32f30x_gpio.c 0x00000000   Number         0  stm32f30x_gpio.o ABSOLUTE
    ..\\..\\Libraries\\STM32F30x_StdPeriph_Driver\\src\\stm32f30x_misc.c 0x00000000   Number         0  stm32f30x_misc.o ABSOLUTE
    ..\\..\\Libraries\\STM32F30x_StdPeriph_Driver\\src\\stm32f30x_rcc.c 0x00000000   Number         0  stm32f30x_rcc.o ABSOLUTE
    ..\\..\\Libraries\\STM32F30x_StdPeriph_Driver\\src\\stm32f30x_tim.c 0x00000000   Number         0  stm32f30x_tim.o ABSOLUTE
    ..\\..\\Libraries\\STM32F30x_StdPeriph_Driver\\src\\stm32f30x_usart.c 0x00000000   Number         0  stm32f30x_usart.o ABSOLUTE
    ADC_function.c                           0x00000000   Number         0  adc_function.o ABSOLUTE
    ADC_function.c                           0x00000000   Number         0  adc_function.o ABSOLUTE
    Circuler_Buffer.c                        0x00000000   Number         0  circuler_buffer.o ABSOLUTE
    Circuler_Buffer.c                        0x00000000   Number         0  circuler_buffer.o ABSOLUTE
    SysTick_Delay.c                          0x00000000   Number         0  systick_delay.o ABSOLUTE
    SysTick_Delay.c                          0x00000000   Number         0  systick_delay.o ABSOLUTE
    UART_function.c                          0x00000000   Number         0  uart_function.o ABSOLUTE
    UART_function.c                          0x00000000   Number         0  uart_function.o ABSOLUTE
    User_GPIO.c                              0x00000000   Number         0  user_gpio.o ABSOLUTE
    User_GPIO.c                              0x00000000   Number         0  user_gpio.o ABSOLUTE
    dc.s                                     0x00000000   Number         0  dc.o ABSOLUTE
    handlers.s                               0x00000000   Number         0  handlers.o ABSOLUTE
    init.s                                   0x00000000   Number         0  init.o ABSOLUTE
    main.c                                   0x00000000   Number         0  main.o ABSOLUTE
    main.c                                   0x00000000   Number         0  main.o ABSOLUTE
    stm32f30x_it.c                           0x00000000   Number         0  stm32f30x_it.o ABSOLUTE
    stm32f30x_it.c                           0x00000000   Number         0  stm32f30x_it.o ABSOLUTE
    system_stm32f30x.c                       0x00000000   Number         0  system_stm32f30x.o ABSOLUTE
    system_stm32f30x.c                       0x00000000   Number         0  system_stm32f30x.o ABSOLUTE
    RESET                                    0x08000000   Section      392  startup_stm32f334x8.o(RESET)
    .ARM.Collect$$$$00000000                 0x08000188   Section        0  entry.o(.ARM.Collect$$$$00000000)
    .ARM.Collect$$$$00000001                 0x08000188   Section        4  entry2.o(.ARM.Collect$$$$00000001)
    .ARM.Collect$$$$00000004                 0x0800018c   Section        4  entry5.o(.ARM.Collect$$$$00000004)
    .ARM.Collect$$$$00000008                 0x08000190   Section        0  entry7b.o(.ARM.Collect$$$$00000008)
    .ARM.Collect$$$$0000000A                 0x08000190   Section        0  entry8b.o(.ARM.Collect$$$$0000000A)
    .ARM.Collect$$$$0000000B                 0x08000190   Section        8  entry9a.o(.ARM.Collect$$$$0000000B)
    .ARM.Collect$$$$0000000D                 0x08000198   Section        0  entry10a.o(.ARM.Collect$$$$0000000D)
    .ARM.Collect$$$$0000000F                 0x08000198   Section        0  entry11a.o(.ARM.Collect$$$$0000000F)
    .ARM.Collect$$$$00002712                 0x08000198   Section        4  entry2.o(.ARM.Collect$$$$00002712)
    __lit__00000000                          0x08000198   Data           4  entry2.o(.ARM.Collect$$$$00002712)
    .text                                    0x0800019c   Section       36  startup_stm32f334x8.o(.text)
    $v0                                      0x0800019c   Number         0  startup_stm32f334x8.o(.text)
    .text                                    0x080001c0   Section        0  memcpya.o(.text)
    .text                                    0x080001e4   Section       36  init.o(.text)
    i.ADC1_2_IRQHandler                      0x08000208   Section        0  stm32f30x_it.o(i.ADC1_2_IRQHandler)
    i.ADC1_Indep_Init                        0x08000264   Section        0  adc_function.o(i.ADC1_Indep_Init)
    i.ADC_AnalogWatchdog1SingleChannelConfig 0x08000312   Section        0  stm32f30x_adc.o(i.ADC_AnalogWatchdog1SingleChannelConfig)
    i.ADC_AnalogWatchdog1ThresholdsConfig    0x08000324   Section        0  stm32f30x_adc.o(i.ADC_AnalogWatchdog1ThresholdsConfig)
    i.ADC_AnalogWatchdogCmd                  0x0800034c   Section        0  stm32f30x_adc.o(i.ADC_AnalogWatchdogCmd)
    i.ADC_AutoDelayCmd                       0x0800035c   Section        0  stm32f30x_adc.o(i.ADC_AutoDelayCmd)
    i.ADC_ClearITPendingBit                  0x08000372   Section        0  stm32f30x_adc.o(i.ADC_ClearITPendingBit)
    i.ADC_Cmd                                0x08000376   Section        0  stm32f30x_adc.o(i.ADC_Cmd)
    i.ADC_CommonInit                         0x0800038c   Section        0  stm32f30x_adc.o(i.ADC_CommonInit)
    i.ADC_GetConversionValue                 0x080003f0   Section        0  stm32f30x_adc.o(i.ADC_GetConversionValue)
    i.ADC_GetFlagStatus                      0x080003f8   Section        0  stm32f30x_adc.o(i.ADC_GetFlagStatus)
    i.ADC_GetITStatus                        0x0800040a   Section        0  stm32f30x_adc.o(i.ADC_GetITStatus)
    i.ADC_ITConfig                           0x0800042c   Section        0  stm32f30x_adc.o(i.ADC_ITConfig)
    i.ADC_Indep_Init                         0x0800043e   Section        0  adc_function.o(i.ADC_Indep_Init)
    i.ADC_Init                               0x0800052c   Section        0  stm32f30x_adc.o(i.ADC_Init)
    i.ADC_RegularChannelConfig               0x0800056c   Section        0  stm32f30x_adc.o(i.ADC_RegularChannelConfig)
    i.ADC_StartConversion                    0x08000666   Section        0  stm32f30x_adc.o(i.ADC_StartConversion)
    i.ADC_VoltageRegulatorCmd                0x08000670   Section        0  stm32f30x_adc.o(i.ADC_VoltageRegulatorCmd)
    i.Circular_Buff_Empty                    0x0800068e   Section        0  circuler_buffer.o(i.Circular_Buff_Empty)
    i.Circular_Buff_Full                     0x080006a0   Section        0  circuler_buffer.o(i.Circular_Buff_Full)
    i.Circular_Buff_Init                     0x080006be   Section        0  circuler_buffer.o(i.Circular_Buff_Init)
    i.Circular_Buffer_Get                    0x080006cc   Section        0  circuler_buffer.o(i.Circular_Buffer_Get)
    i.Circular_Buffer_Put                    0x080006fe   Section        0  circuler_buffer.o(i.Circular_Buffer_Put)
    i.Con2And_send                           0x08000740   Section        0  main.o(i.Con2And_send)
    i.Delay_10                               0x08000798   Section        0  systick_delay.o(i.Delay_10)
    i.Delay_ms                               0x080007ac   Section        0  systick_delay.o(i.Delay_ms)
    i.EXTI0_IRQHandler                       0x080007c4   Section        0  stm32f30x_it.o(i.EXTI0_IRQHandler)
    i.GPIO_ADC_Init                          0x08000804   Section        0  user_gpio.o(i.GPIO_ADC_Init)
    i.GPIO_DeInit                            0x0800082c   Section        0  stm32f30x_gpio.o(i.GPIO_DeInit)
    i.GPIO_IO_Init                           0x08000918   Section        0  user_gpio.o(i.GPIO_IO_Init)
    i.GPIO_Init                              0x080009a8   Section        0  stm32f30x_gpio.o(i.GPIO_Init)
    i.GPIO_PinAFConfig                       0x08000a3e   Section        0  stm32f30x_gpio.o(i.GPIO_PinAFConfig)
    i.GPIO_ResetBits                         0x08000a84   Section        0  stm32f30x_gpio.o(i.GPIO_ResetBits)
    i.GPIO_SetBits                           0x08000a88   Section        0  stm32f30x_gpio.o(i.GPIO_SetBits)
    i.GPIO_USART2_Init                       0x08000a8c   Section        0  user_gpio.o(i.GPIO_USART2_Init)
    i.GPIOx_bit_toggle                       0x08000ac8   Section        0  main.o(i.GPIOx_bit_toggle)
    i.NVIC_Init                              0x08000ae0   Section        0  stm32f30x_misc.o(i.NVIC_Init)
    i.NVIC_PriorityGroupConfig               0x08000b50   Section        0  stm32f30x_misc.o(i.NVIC_PriorityGroupConfig)
    i.RCC_ADCCLKConfig                       0x08000b64   Section        0  stm32f30x_rcc.o(i.RCC_ADCCLKConfig)
    i.RCC_AHBPeriphClockCmd                  0x08000b94   Section        0  stm32f30x_rcc.o(i.RCC_AHBPeriphClockCmd)
    i.RCC_AHBPeriphResetCmd                  0x08000bb4   Section        0  stm32f30x_rcc.o(i.RCC_AHBPeriphResetCmd)
    i.RCC_APB1PeriphClockCmd                 0x08000bd4   Section        0  stm32f30x_rcc.o(i.RCC_APB1PeriphClockCmd)
    i.RCC_APB1PeriphResetCmd                 0x08000bf4   Section        0  stm32f30x_rcc.o(i.RCC_APB1PeriphResetCmd)
    i.RCC_APB2PeriphClockCmd                 0x08000c14   Section        0  stm32f30x_rcc.o(i.RCC_APB2PeriphClockCmd)
    i.RCC_APB2PeriphResetCmd                 0x08000c34   Section        0  stm32f30x_rcc.o(i.RCC_APB2PeriphResetCmd)
    i.RCC_GetClocksFreq                      0x08000c54   Section        0  stm32f30x_rcc.o(i.RCC_GetClocksFreq)
    i.SetSysClock                            0x080011bc   Section        0  system_stm32f30x.o(i.SetSysClock)
    SetSysClock                              0x080011bd   Thumb Code   112  system_stm32f30x.o(i.SetSysClock)
    i.SysTick_Handler                        0x08001234   Section        0  systick_delay.o(i.SysTick_Handler)
    i.SysTick_init                           0x0800124c   Section        0  systick_delay.o(i.SysTick_init)
    i.SystemCoreClockUpdate                  0x080012b0   Section        0  system_stm32f30x.o(i.SystemCoreClockUpdate)
    i.SystemInit                             0x08001350   Section        0  system_stm32f30x.o(i.SystemInit)
    i.TIM6_DAC1_IRQHandler                   0x080013d4   Section        0  stm32f30x_it.o(i.TIM6_DAC1_IRQHandler)
    i.TIMER6_timebase                        0x080014dc   Section        0  main.o(i.TIMER6_timebase)
    i.TIM_ClearITPendingBit                  0x0800155c   Section        0  stm32f30x_tim.o(i.TIM_ClearITPendingBit)
    i.TIM_DeInit                             0x08001564   Section        0  stm32f30x_tim.o(i.TIM_DeInit)
    i.TIM_GetITStatus                        0x080016a0   Section        0  stm32f30x_tim.o(i.TIM_GetITStatus)
    i.TIM_ITConfig                           0x080016c2   Section        0  stm32f30x_tim.o(i.TIM_ITConfig)
    i.TIM_SetCounter                         0x080016da   Section        0  stm32f30x_tim.o(i.TIM_SetCounter)
    i.TIM_TimeBaseInit                       0x080016e0   Section        0  stm32f30x_tim.o(i.TIM_TimeBaseInit)
    i.Task_init                              0x08001788   Section        0  main.o(i.Task_init)
    i.USART1_IRQHandler                      0x08001894   Section        0  stm32f30x_it.o(i.USART1_IRQHandler)
    i.USART2_IRQHandler                      0x080018b4   Section        0  stm32f30x_it.o(i.USART2_IRQHandler)
    i.USART_ClearITPendingBit                0x080018f0   Section        0  stm32f30x_usart.o(i.USART_ClearITPendingBit)
    i.USART_Cmd                              0x08001902   Section        0  stm32f30x_usart.o(i.USART_Cmd)
    i.USART_DeInit                           0x08001918   Section        0  stm32f30x_usart.o(i.USART_DeInit)
    i.USART_GetITStatus                      0x080019b4   Section        0  stm32f30x_usart.o(i.USART_GetITStatus)
    i.USART_ITConfig                         0x080019fe   Section        0  stm32f30x_usart.o(i.USART_ITConfig)
    i.USART_Init                             0x08001a38   Section        0  stm32f30x_usart.o(i.USART_Init)
    i.USARTx_Init                            0x08001b24   Section        0  uart_function.o(i.USARTx_Init)
    i.USARTx_TX                              0x08001ba8   Section        0  uart_function.o(i.USARTx_TX)
    i.USARTx_TX_Char                         0x08001bb8   Section        0  uart_function.o(i.USARTx_TX_Char)
    i.__scatterload_copy                     0x08001bdc   Section       14  handlers.o(i.__scatterload_copy)
    i.__scatterload_null                     0x08001bea   Section        2  handlers.o(i.__scatterload_null)
    i.__scatterload_zeroinit                 0x08001bec   Section       14  handlers.o(i.__scatterload_zeroinit)
    i.check_Mottor_Toggle                    0x08001bfc   Section        0  main.o(i.check_Mottor_Toggle)
    i.check_TaskActive                       0x08001c2c   Section        0  main.o(i.check_TaskActive)
    i.check_Time                             0x08001c8e   Section        0  main.o(i.check_Time)
    i.main                                   0x08001cb4   Section        0  main.o(i.main)
    .constdata                               0x08002c44   Section      128  main.o(.constdata)
    .data                                    0x20000000   Section       48  stm32f30x_rcc.o(.data)
    APBAHBPrescTable                         0x20000000   Data          16  stm32f30x_rcc.o(.data)
    ADCPrescTable                            0x20000010   Data          32  stm32f30x_rcc.o(.data)
    .data                                    0x20000030   Section       33  main.o(.data)
    godown_cnt                               0x20000034   Data           1  main.o(.data)
    Sequence                                 0x20000035   Data           1  main.o(.data)
    cmd_MesDone                              0x20000036   Data           1  main.o(.data)
    Dropss                                   0x20000037   Data           1  main.o(.data)
    count_on                                 0x20000038   Data           4  main.o(.data)
    count_off                                0x2000003c   Data           4  main.o(.data)
    count_drop                               0x20000040   Data           1  main.o(.data)
    cnt_led                                  0x20000044   Data           4  main.o(.data)
    NoDrop                                   0x20000048   Data           1  main.o(.data)
    ghim                                     0x20000049   Data           1  main.o(.data)
    Motor_toggle                             0x2000004a   Data           1  main.o(.data)
    sum                                      0x2000004c   Data           4  main.o(.data)
    cnt_temp_ADC                             0x20000050   Data           1  main.o(.data)
    .data                                    0x20000054   Section       75  stm32f30x_it.o(.data)
    i                                        0x2000009c   Data           1  stm32f30x_it.o(.data)
    Start_count                              0x2000009d   Data           1  stm32f30x_it.o(.data)
    cnt_MotorCurrent                         0x2000009e   Data           1  stm32f30x_it.o(.data)
    .data                                    0x200000a0   Section        4  systick_delay.o(.data)
    .data                                    0x200000a4   Section       20  system_stm32f30x.o(.data)
    .bss                                     0x200000b8   Section      384  main.o(.bss)
    Buff_Array                               0x200000b8   Data         256  main.o(.bss)
    .bss                                     0x20000238   Section       24  stm32f30x_it.o(.bss)
    STACK                                    0x20000250   Section     1024  startup_stm32f334x8.o(STACK)

    Global Symbols

    Symbol Name                              Value     Ov Type        Size  Object(Section)

    BuildAttributes$$THM_ISAv4$E$P$D$K$B$S$7EM$VFPi3$EXTD16$VFPS$VFMA$PE$A:L22UL41UL21$X:L11$S22US41US21$IEEE1$IW$USESV6$~STKCKD$USESV7$~SHL$OSPACE$EBA8$MICROLIB$REQ8$PRES8$EABIv2 0x00000000   Number         0  anon$$obj.o ABSOLUTE
    __ARM_use_no_argv                        0x00000000   Number         0  main.o ABSOLUTE
    __cpp_initialize__aeabi_                  - Undefined Weak Reference
    __cxa_finalize                            - Undefined Weak Reference
    __decompress                              - Undefined Weak Reference
    _clock_init                               - Undefined Weak Reference
    _microlib_exit                            - Undefined Weak Reference
    __Vectors_Size                           0x00000188   Number         0  startup_stm32f334x8.o ABSOLUTE
    __Vectors                                0x08000000   Data           4  startup_stm32f334x8.o(RESET)
    __Vectors_End                            0x08000188   Data           0  startup_stm32f334x8.o(RESET)
    __main                                   0x08000189   Thumb Code     0  entry.o(.ARM.Collect$$$$00000000)
    _main_stk                                0x08000189   Thumb Code     0  entry2.o(.ARM.Collect$$$$00000001)
    _main_scatterload                        0x0800018d   Thumb Code     0  entry5.o(.ARM.Collect$$$$00000004)
    __main_after_scatterload                 0x08000191   Thumb Code     0  entry5.o(.ARM.Collect$$$$00000004)
    _main_clock                              0x08000191   Thumb Code     0  entry7b.o(.ARM.Collect$$$$00000008)
    _main_cpp_init                           0x08000191   Thumb Code     0  entry8b.o(.ARM.Collect$$$$0000000A)
    _main_init                               0x08000191   Thumb Code     0  entry9a.o(.ARM.Collect$$$$0000000B)
    __rt_final_cpp                           0x08000199   Thumb Code     0  entry10a.o(.ARM.Collect$$$$0000000D)
    __rt_final_exit                          0x08000199   Thumb Code     0  entry11a.o(.ARM.Collect$$$$0000000F)
    Reset_Handler                            0x0800019d   Thumb Code     8  startup_stm32f334x8.o(.text)
    NMI_Handler                              0x080001a5   Thumb Code     2  startup_stm32f334x8.o(.text)
    HardFault_Handler                        0x080001a7   Thumb Code     2  startup_stm32f334x8.o(.text)
    MemManage_Handler                        0x080001a9   Thumb Code     2  startup_stm32f334x8.o(.text)
    BusFault_Handler                         0x080001ab   Thumb Code     2  startup_stm32f334x8.o(.text)
    UsageFault_Handler                       0x080001ad   Thumb Code     2  startup_stm32f334x8.o(.text)
    SVC_Handler                              0x080001af   Thumb Code     2  startup_stm32f334x8.o(.text)
    DebugMon_Handler                         0x080001b1   Thumb Code     2  startup_stm32f334x8.o(.text)
    PendSV_Handler                           0x080001b3   Thumb Code     2  startup_stm32f334x8.o(.text)
    CAN1_RX0_IRQHandler                      0x080001b7   Thumb Code     0  startup_stm32f334x8.o(.text)
    CAN1_RX1_IRQHandler                      0x080001b7   Thumb Code     0  startup_stm32f334x8.o(.text)
    CAN1_SCE_IRQHandler                      0x080001b7   Thumb Code     0  startup_stm32f334x8.o(.text)
    CAN1_TX_IRQHandler                       0x080001b7   Thumb Code     0  startup_stm32f334x8.o(.text)
    COMP2_IRQHandler                         0x080001b7   Thumb Code     0  startup_stm32f334x8.o(.text)
    COMP4_6_IRQHandler                       0x080001b7   Thumb Code     0  startup_stm32f334x8.o(.text)
    DMA1_Channel1_IRQHandler                 0x080001b7   Thumb Code     0  startup_stm32f334x8.o(.text)
    DMA1_Channel2_IRQHandler                 0x080001b7   Thumb Code     0  startup_stm32f334x8.o(.text)
    DMA1_Channel3_IRQHandler                 0x080001b7   Thumb Code     0  startup_stm32f334x8.o(.text)
    DMA1_Channel4_IRQHandler                 0x080001b7   Thumb Code     0  startup_stm32f334x8.o(.text)
    DMA1_Channel5_IRQHandler                 0x080001b7   Thumb Code     0  startup_stm32f334x8.o(.text)
    DMA1_Channel6_IRQHandler                 0x080001b7   Thumb Code     0  startup_stm32f334x8.o(.text)
    DMA1_Channel7_IRQHandler                 0x080001b7   Thumb Code     0  startup_stm32f334x8.o(.text)
    EXTI15_10_IRQHandler                     0x080001b7   Thumb Code     0  startup_stm32f334x8.o(.text)
    EXTI1_IRQHandler                         0x080001b7   Thumb Code     0  startup_stm32f334x8.o(.text)
    EXTI2_TS_IRQHandler                      0x080001b7   Thumb Code     0  startup_stm32f334x8.o(.text)
    EXTI3_IRQHandler                         0x080001b7   Thumb Code     0  startup_stm32f334x8.o(.text)
    EXTI4_IRQHandler                         0x080001b7   Thumb Code     0  startup_stm32f334x8.o(.text)
    EXTI9_5_IRQHandler                       0x080001b7   Thumb Code     0  startup_stm32f334x8.o(.text)
    FLASH_IRQHandler                         0x080001b7   Thumb Code     0  startup_stm32f334x8.o(.text)
    FPU_IRQHandler                           0x080001b7   Thumb Code     0  startup_stm32f334x8.o(.text)
    HRTIM1_FLT_IRQHandler                    0x080001b7   Thumb Code     0  startup_stm32f334x8.o(.text)
    HRTIM1_Master_IRQHandler                 0x080001b7   Thumb Code     0  startup_stm32f334x8.o(.text)
    HRTIM1_TIMA_IRQHandler                   0x080001b7   Thumb Code     0  startup_stm32f334x8.o(.text)
    HRTIM1_TIMB_IRQHandler                   0x080001b7   Thumb Code     0  startup_stm32f334x8.o(.text)
    HRTIM1_TIMC_IRQHandler                   0x080001b7   Thumb Code     0  startup_stm32f334x8.o(.text)
    HRTIM1_TIMD_IRQHandler                   0x080001b7   Thumb Code     0  startup_stm32f334x8.o(.text)
    HRTIM1_TIME_IRQHandler                   0x080001b7   Thumb Code     0  startup_stm32f334x8.o(.text)
    I2C1_ER_IRQHandler                       0x080001b7   Thumb Code     0  startup_stm32f334x8.o(.text)
    I2C1_EV_IRQHandler                       0x080001b7   Thumb Code     0  startup_stm32f334x8.o(.text)
    PVD_IRQHandler                           0x080001b7   Thumb Code     0  startup_stm32f334x8.o(.text)
    RCC_IRQHandler                           0x080001b7   Thumb Code     0  startup_stm32f334x8.o(.text)
    RTC_Alarm_IRQHandler                     0x080001b7   Thumb Code     0  startup_stm32f334x8.o(.text)
    RTC_WKUP_IRQHandler                      0x080001b7   Thumb Code     0  startup_stm32f334x8.o(.text)
    SPI1_IRQHandler                          0x080001b7   Thumb Code     0  startup_stm32f334x8.o(.text)
    TAMPER_STAMP_IRQHandler                  0x080001b7   Thumb Code     0  startup_stm32f334x8.o(.text)
    TIM1_BRK_TIM15_IRQHandler                0x080001b7   Thumb Code     0  startup_stm32f334x8.o(.text)
    TIM1_CC_IRQHandler                       0x080001b7   Thumb Code     0  startup_stm32f334x8.o(.text)
    TIM1_TRG_COM_TIM17_IRQHandler            0x080001b7   Thumb Code     0  startup_stm32f334x8.o(.text)
    TIM1_UP_TIM16_IRQHandler                 0x080001b7   Thumb Code     0  startup_stm32f334x8.o(.text)
    TIM2_IRQHandler                          0x080001b7   Thumb Code     0  startup_stm32f334x8.o(.text)
    TIM3_IRQHandler                          0x080001b7   Thumb Code     0  startup_stm32f334x8.o(.text)
    TIM7_DAC2_IRQHandler                     0x080001b7   Thumb Code     0  startup_stm32f334x8.o(.text)
    USART3_IRQHandler                        0x080001b7   Thumb Code     0  startup_stm32f334x8.o(.text)
    WWDG_IRQHandler                          0x080001b7   Thumb Code     0  startup_stm32f334x8.o(.text)
    __aeabi_memcpy                           0x080001c1   Thumb Code    36  memcpya.o(.text)
    __aeabi_memcpy4                          0x080001c1   Thumb Code     0  memcpya.o(.text)
    __aeabi_memcpy8                          0x080001c1   Thumb Code     0  memcpya.o(.text)
    __scatterload                            0x080001e5   Thumb Code    28  init.o(.text)
    __scatterload_rt2                        0x080001e5   Thumb Code     0  init.o(.text)
    ADC1_2_IRQHandler                        0x08000209   Thumb Code    78  stm32f30x_it.o(i.ADC1_2_IRQHandler)
    ADC1_Indep_Init                          0x08000265   Thumb Code   174  adc_function.o(i.ADC1_Indep_Init)
    ADC_AnalogWatchdog1SingleChannelConfig   0x08000313   Thumb Code    18  stm32f30x_adc.o(i.ADC_AnalogWatchdog1SingleChannelConfig)
    ADC_AnalogWatchdog1ThresholdsConfig      0x08000325   Thumb Code    34  stm32f30x_adc.o(i.ADC_AnalogWatchdog1ThresholdsConfig)
    ADC_AnalogWatchdogCmd                    0x0800034d   Thumb Code    16  stm32f30x_adc.o(i.ADC_AnalogWatchdogCmd)
    ADC_AutoDelayCmd                         0x0800035d   Thumb Code    22  stm32f30x_adc.o(i.ADC_AutoDelayCmd)
    ADC_ClearITPendingBit                    0x08000373   Thumb Code     4  stm32f30x_adc.o(i.ADC_ClearITPendingBit)
    ADC_Cmd                                  0x08000377   Thumb Code    22  stm32f30x_adc.o(i.ADC_Cmd)
    ADC_CommonInit                           0x0800038d   Thumb Code    82  stm32f30x_adc.o(i.ADC_CommonInit)
    ADC_GetConversionValue                   0x080003f1   Thumb Code     8  stm32f30x_adc.o(i.ADC_GetConversionValue)
    ADC_GetFlagStatus                        0x080003f9   Thumb Code    18  stm32f30x_adc.o(i.ADC_GetFlagStatus)
    ADC_GetITStatus                          0x0800040b   Thumb Code    34  stm32f30x_adc.o(i.ADC_GetITStatus)
    ADC_ITConfig                             0x0800042d   Thumb Code    18  stm32f30x_adc.o(i.ADC_ITConfig)
    ADC_Indep_Init                           0x0800043f   Thumb Code   238  adc_function.o(i.ADC_Indep_Init)
    ADC_Init                                 0x0800052d   Thumb Code    58  stm32f30x_adc.o(i.ADC_Init)
    ADC_RegularChannelConfig                 0x0800056d   Thumb Code   250  stm32f30x_adc.o(i.ADC_RegularChannelConfig)
    ADC_StartConversion                      0x08000667   Thumb Code    10  stm32f30x_adc.o(i.ADC_StartConversion)
    ADC_VoltageRegulatorCmd                  0x08000671   Thumb Code    30  stm32f30x_adc.o(i.ADC_VoltageRegulatorCmd)
    Circular_Buff_Empty                      0x0800068f   Thumb Code    18  circuler_buffer.o(i.Circular_Buff_Empty)
    Circular_Buff_Full                       0x080006a1   Thumb Code    30  circuler_buffer.o(i.Circular_Buff_Full)
    Circular_Buff_Init                       0x080006bf   Thumb Code    14  circuler_buffer.o(i.Circular_Buff_Init)
    Circular_Buffer_Get                      0x080006cd   Thumb Code    50  circuler_buffer.o(i.Circular_Buffer_Get)
    Circular_Buffer_Put                      0x080006ff   Thumb Code    66  circuler_buffer.o(i.Circular_Buffer_Put)
    Con2And_send                             0x08000741   Thumb Code    82  main.o(i.Con2And_send)
    Delay_10                                 0x08000799   Thumb Code    16  systick_delay.o(i.Delay_10)
    Delay_ms                                 0x080007ad   Thumb Code    22  systick_delay.o(i.Delay_ms)
    EXTI0_IRQHandler                         0x080007c5   Thumb Code    56  stm32f30x_it.o(i.EXTI0_IRQHandler)
    GPIO_ADC_Init                            0x08000805   Thumb Code    36  user_gpio.o(i.GPIO_ADC_Init)
    GPIO_DeInit                              0x0800082d   Thumb Code   206  stm32f30x_gpio.o(i.GPIO_DeInit)
    GPIO_IO_Init                             0x08000919   Thumb Code   132  user_gpio.o(i.GPIO_IO_Init)
    GPIO_Init                                0x080009a9   Thumb Code   150  stm32f30x_gpio.o(i.GPIO_Init)
    GPIO_PinAFConfig                         0x08000a3f   Thumb Code    70  stm32f30x_gpio.o(i.GPIO_PinAFConfig)
    GPIO_ResetBits                           0x08000a85   Thumb Code     4  stm32f30x_gpio.o(i.GPIO_ResetBits)
    GPIO_SetBits                             0x08000a89   Thumb Code     4  stm32f30x_gpio.o(i.GPIO_SetBits)
    GPIO_USART2_Init                         0x08000a8d   Thumb Code    60  user_gpio.o(i.GPIO_USART2_Init)
    GPIOx_bit_toggle                         0x08000ac9   Thumb Code    22  main.o(i.GPIOx_bit_toggle)
    NVIC_Init                                0x08000ae1   Thumb Code   100  stm32f30x_misc.o(i.NVIC_Init)
    NVIC_PriorityGroupConfig                 0x08000b51   Thumb Code    10  stm32f30x_misc.o(i.NVIC_PriorityGroupConfig)
    RCC_ADCCLKConfig                         0x08000b65   Thumb Code    44  stm32f30x_rcc.o(i.RCC_ADCCLKConfig)
    RCC_AHBPeriphClockCmd                    0x08000b95   Thumb Code    26  stm32f30x_rcc.o(i.RCC_AHBPeriphClockCmd)
    RCC_AHBPeriphResetCmd                    0x08000bb5   Thumb Code    26  stm32f30x_rcc.o(i.RCC_AHBPeriphResetCmd)
    RCC_APB1PeriphClockCmd                   0x08000bd5   Thumb Code    26  stm32f30x_rcc.o(i.RCC_APB1PeriphClockCmd)
    RCC_APB1PeriphResetCmd                   0x08000bf5   Thumb Code    26  stm32f30x_rcc.o(i.RCC_APB1PeriphResetCmd)
    RCC_APB2PeriphClockCmd                   0x08000c15   Thumb Code    26  stm32f30x_rcc.o(i.RCC_APB2PeriphClockCmd)
    RCC_APB2PeriphResetCmd                   0x08000c35   Thumb Code    26  stm32f30x_rcc.o(i.RCC_APB2PeriphResetCmd)
    RCC_GetClocksFreq                        0x08000c55   Thumb Code  1364  stm32f30x_rcc.o(i.RCC_GetClocksFreq)
    SysTick_Handler                          0x08001235   Thumb Code    18  systick_delay.o(i.SysTick_Handler)
    SysTick_init                             0x0800124d   Thumb Code    84  systick_delay.o(i.SysTick_init)
    SystemCoreClockUpdate                    0x080012b1   Thumb Code   138  system_stm32f30x.o(i.SystemCoreClockUpdate)
    SystemInit                               0x08001351   Thumb Code   112  system_stm32f30x.o(i.SystemInit)
    TIM6_DAC1_IRQHandler                     0x080013d5   Thumb Code   198  stm32f30x_it.o(i.TIM6_DAC1_IRQHandler)
    TIMER6_timebase                          0x080014dd   Thumb Code   122  main.o(i.TIMER6_timebase)
    TIM_ClearITPendingBit                    0x0800155d   Thumb Code     8  stm32f30x_tim.o(i.TIM_ClearITPendingBit)
    TIM_DeInit                               0x08001565   Thumb Code   276  stm32f30x_tim.o(i.TIM_DeInit)
    TIM_GetITStatus                          0x080016a1   Thumb Code    34  stm32f30x_tim.o(i.TIM_GetITStatus)
    TIM_ITConfig                             0x080016c3   Thumb Code    24  stm32f30x_tim.o(i.TIM_ITConfig)
    TIM_SetCounter                           0x080016db   Thumb Code     4  stm32f30x_tim.o(i.TIM_SetCounter)
    TIM_TimeBaseInit                         0x080016e1   Thumb Code   128  stm32f30x_tim.o(i.TIM_TimeBaseInit)
    Task_init                                0x08001789   Thumb Code   266  main.o(i.Task_init)
    USART1_IRQHandler                        0x08001895   Thumb Code    22  stm32f30x_it.o(i.USART1_IRQHandler)
    USART2_IRQHandler                        0x080018b5   Thumb Code    42  stm32f30x_it.o(i.USART2_IRQHandler)
    USART_ClearITPendingBit                  0x080018f1   Thumb Code    18  stm32f30x_usart.o(i.USART_ClearITPendingBit)
    USART_Cmd                                0x08001903   Thumb Code    22  stm32f30x_usart.o(i.USART_Cmd)
    USART_DeInit                             0x08001919   Thumb Code   134  stm32f30x_usart.o(i.USART_DeInit)
    USART_GetITStatus                        0x080019b5   Thumb Code    74  stm32f30x_usart.o(i.USART_GetITStatus)
    USART_ITConfig                           0x080019ff   Thumb Code    58  stm32f30x_usart.o(i.USART_ITConfig)
    USART_Init                               0x08001a39   Thumb Code   220  stm32f30x_usart.o(i.USART_Init)
    USARTx_Init                              0x08001b25   Thumb Code   122  uart_function.o(i.USARTx_Init)
    USARTx_TX                                0x08001ba9   Thumb Code    16  uart_function.o(i.USARTx_TX)
    USARTx_TX_Char                           0x08001bb9   Thumb Code    36  uart_function.o(i.USARTx_TX_Char)
    __scatterload_copy                       0x08001bdd   Thumb Code    14  handlers.o(i.__scatterload_copy)
    __scatterload_null                       0x08001beb   Thumb Code     2  handlers.o(i.__scatterload_null)
    __scatterload_zeroinit                   0x08001bed   Thumb Code    14  handlers.o(i.__scatterload_zeroinit)
    check_Mottor_Toggle                      0x08001bfd   Thumb Code    44  main.o(i.check_Mottor_Toggle)
    check_TaskActive                         0x08001c2d   Thumb Code    98  main.o(i.check_TaskActive)
    check_Time                               0x08001c8f   Thumb Code    36  main.o(i.check_Time)
    main                                     0x08001cb5   Thumb Code  3960  main.o(i.main)
    Region$$Table$$Base                      0x08002cc4   Number         0  anon$$obj.o(Region$$Table)
    Region$$Table$$Limit                     0x08002ce4   Number         0  anon$$obj.o(Region$$Table)
    ADC_result                               0x20000030   Data           4  main.o(.data)
    Buff_RX                                  0x20000054   Data           1  stm32f30x_it.o(.data)
    cnt_Mess                                 0x20000058   Data           4  stm32f30x_it.o(.data)
    cnt_Motor                                0x2000005c   Data           4  stm32f30x_it.o(.data)
    cnt_Dropss_Disable                       0x20000060   Data           4  stm32f30x_it.o(.data)
    cnt_Global                               0x20000064   Data           4  stm32f30x_it.o(.data)
    Task_Operation                           0x20000068   Data           1  stm32f30x_it.o(.data)
    mask_cnt                                 0x2000006c   Data           4  stm32f30x_it.o(.data)
    mask                                     0x20000070   Data           1  stm32f30x_it.o(.data)
    phase                                    0x20000074   Data           4  stm32f30x_it.o(.data)
    phase_1                                  0x20000078   Data           4  stm32f30x_it.o(.data)
    phase_2                                  0x2000007c   Data           4  stm32f30x_it.o(.data)
    phase_3                                  0x20000080   Data           4  stm32f30x_it.o(.data)
    phase_4                                  0x20000084   Data           4  stm32f30x_it.o(.data)
    timeout                                  0x20000088   Data           4  stm32f30x_it.o(.data)
    dem                                      0x2000008c   Data           4  stm32f30x_it.o(.data)
    dem1                                     0x20000090   Data           4  stm32f30x_it.o(.data)
    check_hex                                0x20000094   Data           4  stm32f30x_it.o(.data)
    check_light                              0x20000098   Data           4  stm32f30x_it.o(.data)
    us_10tick                                0x200000a0   Data           4  systick_delay.o(.data)
    SystemCoreClock                          0x200000a4   Data           4  system_stm32f30x.o(.data)
    AHBPrescTable                            0x200000a8   Data          16  system_stm32f30x.o(.data)
    task                                     0x200001b8   Data         128  main.o(.bss)
    Buff                                     0x20000238   Data          12  stm32f30x_it.o(.bss)
    ADC_product_Dispense                     0x20000244   Data          12  stm32f30x_it.o(.bss)
    __initial_sp                             0x20000650   Data           0  startup_stm32f334x8.o(STACK)



==============================================================================

Memory Map of the image

  Image Entry point : 0x08000189

  Load Region LR_IROM1 (Base: 0x08000000, Size: 0x00002d9c, Max: 0x00010000, ABSOLUTE)

    Execution Region ER_IROM1 (Exec base: 0x08000000, Load base: 0x08000000, Size: 0x00002ce4, Max: 0x00010000, ABSOLUTE)

    Exec Addr    Load Addr    Size         Type   Attr      Idx    E Section Name        Object

    0x08000000   0x08000000   0x00000188   Data   RO         2424    RESET               startup_stm32f334x8.o
    0x08000188   0x08000188   0x00000000   Code   RO         2429  * .ARM.Collect$$$$00000000  mc_w.l(entry.o)
    0x08000188   0x08000188   0x00000004   Code   RO         2436    .ARM.Collect$$$$00000001  mc_w.l(entry2.o)
    0x0800018c   0x0800018c   0x00000004   Code   RO         2439    .ARM.Collect$$$$00000004  mc_w.l(entry5.o)
    0x08000190   0x08000190   0x00000000   Code   RO         2441    .ARM.Collect$$$$00000008  mc_w.l(entry7b.o)
    0x08000190   0x08000190   0x00000000   Code   RO         2443    .ARM.Collect$$$$0000000A  mc_w.l(entry8b.o)
    0x08000190   0x08000190   0x00000008   Code   RO         2444    .ARM.Collect$$$$0000000B  mc_w.l(entry9a.o)
    0x08000198   0x08000198   0x00000000   Code   RO         2446    .ARM.Collect$$$$0000000D  mc_w.l(entry10a.o)
    0x08000198   0x08000198   0x00000000   Code   RO         2448    .ARM.Collect$$$$0000000F  mc_w.l(entry11a.o)
    0x08000198   0x08000198   0x00000004   Code   RO         2437    .ARM.Collect$$$$00002712  mc_w.l(entry2.o)
    0x0800019c   0x0800019c   0x00000024   Code   RO         2425    .text               startup_stm32f334x8.o
    0x080001c0   0x080001c0   0x00000024   Code   RO         2432    .text               mc_w.l(memcpya.o)
    0x080001e4   0x080001e4   0x00000024   Code   RO         2450    .text               mc_w.l(init.o)
    0x08000208   0x08000208   0x0000005c   Code   RO         2145    i.ADC1_2_IRQHandler  stm32f30x_it.o
    0x08000264   0x08000264   0x000000ae   Code   RO         2354    i.ADC1_Indep_Init   adc_function.o
    0x08000312   0x08000312   0x00000012   Code   RO         1519    i.ADC_AnalogWatchdog1SingleChannelConfig  stm32f30x_adc.o
    0x08000324   0x08000324   0x00000028   Code   RO         1520    i.ADC_AnalogWatchdog1ThresholdsConfig  stm32f30x_adc.o
    0x0800034c   0x0800034c   0x00000010   Code   RO         1525    i.ADC_AnalogWatchdogCmd  stm32f30x_adc.o
    0x0800035c   0x0800035c   0x00000016   Code   RO         1526    i.ADC_AutoDelayCmd  stm32f30x_adc.o
    0x08000372   0x08000372   0x00000004   Code   RO         1534    i.ADC_ClearITPendingBit  stm32f30x_adc.o
    0x08000376   0x08000376   0x00000016   Code   RO         1535    i.ADC_Cmd           stm32f30x_adc.o
    0x0800038c   0x0800038c   0x00000064   Code   RO         1536    i.ADC_CommonInit    stm32f30x_adc.o
    0x080003f0   0x080003f0   0x00000008   Code   RO         1548    i.ADC_GetConversionValue  stm32f30x_adc.o
    0x080003f8   0x080003f8   0x00000012   Code   RO         1551    i.ADC_GetFlagStatus  stm32f30x_adc.o
    0x0800040a   0x0800040a   0x00000022   Code   RO         1552    i.ADC_GetITStatus   stm32f30x_adc.o
    0x0800042c   0x0800042c   0x00000012   Code   RO         1556    i.ADC_ITConfig      stm32f30x_adc.o
    0x0800043e   0x0800043e   0x000000ee   Code   RO         2355    i.ADC_Indep_Init    adc_function.o
    0x0800052c   0x0800052c   0x00000040   Code   RO         1557    i.ADC_Init          stm32f30x_adc.o
    0x0800056c   0x0800056c   0x000000fa   Code   RO         1562    i.ADC_RegularChannelConfig  stm32f30x_adc.o
    0x08000666   0x08000666   0x0000000a   Code   RO         1573    i.ADC_StartConversion  stm32f30x_adc.o
    0x08000670   0x08000670   0x0000001e   Code   RO         1580    i.ADC_VoltageRegulatorCmd  stm32f30x_adc.o
    0x0800068e   0x0800068e   0x00000012   Code   RO         1981    i.Circular_Buff_Empty  circuler_buffer.o
    0x080006a0   0x080006a0   0x0000001e   Code   RO         1982    i.Circular_Buff_Full  circuler_buffer.o
    0x080006be   0x080006be   0x0000000e   Code   RO         1983    i.Circular_Buff_Init  circuler_buffer.o
    0x080006cc   0x080006cc   0x00000032   Code   RO         1985    i.Circular_Buffer_Get  circuler_buffer.o
    0x080006fe   0x080006fe   0x00000042   Code   RO         1986    i.Circular_Buffer_Put  circuler_buffer.o
    0x08000740   0x08000740   0x00000058   Code   RO         2051    i.Con2And_send      main.o
    0x08000798   0x08000798   0x00000014   Code   RO         2197    i.Delay_10          systick_delay.o
    0x080007ac   0x080007ac   0x00000016   Code   RO         2198    i.Delay_ms          systick_delay.o
    0x080007c2   0x080007c2   0x00000002   PAD
    0x080007c4   0x080007c4   0x00000040   Code   RO         2146    i.EXTI0_IRQHandler  stm32f30x_it.o
    0x08000804   0x08000804   0x00000028   Code   RO         2312    i.GPIO_ADC_Init     user_gpio.o
    0x0800082c   0x0800082c   0x000000ec   Code   RO            4    i.GPIO_DeInit       stm32f30x_gpio.o
    0x08000918   0x08000918   0x00000090   Code   RO         2313    i.GPIO_IO_Init      user_gpio.o
    0x080009a8   0x080009a8   0x00000096   Code   RO            5    i.GPIO_Init         stm32f30x_gpio.o
    0x08000a3e   0x08000a3e   0x00000046   Code   RO            6    i.GPIO_PinAFConfig  stm32f30x_gpio.o
    0x08000a84   0x08000a84   0x00000004   Code   RO           12    i.GPIO_ResetBits    stm32f30x_gpio.o
    0x08000a88   0x08000a88   0x00000004   Code   RO           13    i.GPIO_SetBits      stm32f30x_gpio.o
    0x08000a8c   0x08000a8c   0x0000003c   Code   RO         2315    i.GPIO_USART2_Init  user_gpio.o
    0x08000ac8   0x08000ac8   0x00000016   Code   RO         2052    i.GPIOx_bit_toggle  main.o
    0x08000ade   0x08000ade   0x00000002   PAD
    0x08000ae0   0x08000ae0   0x00000070   Code   RO          201    i.NVIC_Init         stm32f30x_misc.o
    0x08000b50   0x08000b50   0x00000014   Code   RO          202    i.NVIC_PriorityGroupConfig  stm32f30x_misc.o
    0x08000b64   0x08000b64   0x00000030   Code   RO          249    i.RCC_ADCCLKConfig  stm32f30x_rcc.o
    0x08000b94   0x08000b94   0x00000020   Code   RO          250    i.RCC_AHBPeriphClockCmd  stm32f30x_rcc.o
    0x08000bb4   0x08000bb4   0x00000020   Code   RO          251    i.RCC_AHBPeriphResetCmd  stm32f30x_rcc.o
    0x08000bd4   0x08000bd4   0x00000020   Code   RO          252    i.RCC_APB1PeriphClockCmd  stm32f30x_rcc.o
    0x08000bf4   0x08000bf4   0x00000020   Code   RO          253    i.RCC_APB1PeriphResetCmd  stm32f30x_rcc.o
    0x08000c14   0x08000c14   0x00000020   Code   RO          254    i.RCC_APB2PeriphClockCmd  stm32f30x_rcc.o
    0x08000c34   0x08000c34   0x00000020   Code   RO          255    i.RCC_APB2PeriphResetCmd  stm32f30x_rcc.o
    0x08000c54   0x08000c54   0x00000568   Code   RO          262    i.RCC_GetClocksFreq  stm32f30x_rcc.o
    0x080011bc   0x080011bc   0x00000078   Code   RO         2384    i.SetSysClock       system_stm32f30x.o
    0x08001234   0x08001234   0x00000018   Code   RO         2199    i.SysTick_Handler   systick_delay.o
    0x0800124c   0x0800124c   0x00000064   Code   RO         2200    i.SysTick_init      systick_delay.o
    0x080012b0   0x080012b0   0x000000a0   Code   RO         2385    i.SystemCoreClockUpdate  system_stm32f30x.o
    0x08001350   0x08001350   0x00000084   Code   RO         2386    i.SystemInit        system_stm32f30x.o
    0x080013d4   0x080013d4   0x00000108   Code   RO         2147    i.TIM6_DAC1_IRQHandler  stm32f30x_it.o
    0x080014dc   0x080014dc   0x00000080   Code   RO         2053    i.TIMER6_timebase   main.o
    0x0800155c   0x0800155c   0x00000008   Code   RO          524    i.TIM_ClearITPendingBit  stm32f30x_tim.o
    0x08001564   0x08001564   0x0000013c   Code   RO          536    i.TIM_DeInit        stm32f30x_tim.o
    0x080016a0   0x080016a0   0x00000022   Code   RO          554    i.TIM_GetITStatus   stm32f30x_tim.o
    0x080016c2   0x080016c2   0x00000018   Code   RO          558    i.TIM_ITConfig      stm32f30x_tim.o
    0x080016da   0x080016da   0x00000004   Code   RO          612    i.TIM_SetCounter    stm32f30x_tim.o
    0x080016de   0x080016de   0x00000002   PAD
    0x080016e0   0x080016e0   0x000000a8   Code   RO          618    i.TIM_TimeBaseInit  stm32f30x_tim.o
    0x08001788   0x08001788   0x0000010a   Code   RO         2054    i.Task_init         main.o
    0x08001892   0x08001892   0x00000002   PAD
    0x08001894   0x08001894   0x00000020   Code   RO         2148    i.USART1_IRQHandler  stm32f30x_it.o
    0x080018b4   0x080018b4   0x0000003c   Code   RO         2149    i.USART2_IRQHandler  stm32f30x_it.o
    0x080018f0   0x080018f0   0x00000012   Code   RO         1211    i.USART_ClearITPendingBit  stm32f30x_usart.o
    0x08001902   0x08001902   0x00000016   Code   RO         1214    i.USART_Cmd         stm32f30x_usart.o
    0x08001918   0x08001918   0x0000009c   Code   RO         1220    i.USART_DeInit      stm32f30x_usart.o
    0x080019b4   0x080019b4   0x0000004a   Code   RO         1223    i.USART_GetITStatus  stm32f30x_usart.o
    0x080019fe   0x080019fe   0x0000003a   Code   RO         1225    i.USART_ITConfig    stm32f30x_usart.o
    0x08001a38   0x08001a38   0x000000ec   Code   RO         1226    i.USART_Init        stm32f30x_usart.o
    0x08001b24   0x08001b24   0x00000084   Code   RO         2246    i.USARTx_Init       uart_function.o
    0x08001ba8   0x08001ba8   0x00000010   Code   RO         2248    i.USARTx_TX         uart_function.o
    0x08001bb8   0x08001bb8   0x00000024   Code   RO         2249    i.USARTx_TX_Char    uart_function.o
    0x08001bdc   0x08001bdc   0x0000000e   Code   RO         2454    i.__scatterload_copy  mc_w.l(handlers.o)
    0x08001bea   0x08001bea   0x00000002   Code   RO         2455    i.__scatterload_null  mc_w.l(handlers.o)
    0x08001bec   0x08001bec   0x0000000e   Code   RO         2456    i.__scatterload_zeroinit  mc_w.l(handlers.o)
    0x08001bfa   0x08001bfa   0x00000002   PAD
    0x08001bfc   0x08001bfc   0x00000030   Code   RO         2055    i.check_Mottor_Toggle  main.o
    0x08001c2c   0x08001c2c   0x00000062   Code   RO         2056    i.check_TaskActive  main.o
    0x08001c8e   0x08001c8e   0x00000024   Code   RO         2057    i.check_Time        main.o
    0x08001cb2   0x08001cb2   0x00000002   PAD
    0x08001cb4   0x08001cb4   0x00000f90   Code   RO         2058    i.main              main.o
    0x08002c44   0x08002c44   0x00000080   Data   RO         2060    .constdata          main.o
    0x08002cc4   0x08002cc4   0x00000020   Data   RO         2452    Region$$Table       anon$$obj.o


    Execution Region RW_IRAM1 (Exec base: 0x20000000, Load base: 0x08002ce4, Size: 0x00000650, Max: 0x00004000, ABSOLUTE)

    Exec Addr    Load Addr    Size         Type   Attr      Idx    E Section Name        Object

    0x20000000   0x08002ce4   0x00000030   Data   RW          289    .data               stm32f30x_rcc.o
    0x20000030   0x08002d14   0x00000021   Data   RW         2061    .data               main.o
    0x20000051   0x08002d35   0x00000003   PAD
    0x20000054   0x08002d38   0x0000004b   Data   RW         2151    .data               stm32f30x_it.o
    0x2000009f   0x08002d83   0x00000001   PAD
    0x200000a0   0x08002d84   0x00000004   Data   RW         2201    .data               systick_delay.o
    0x200000a4   0x08002d88   0x00000014   Data   RW         2387    .data               system_stm32f30x.o
    0x200000b8        -       0x00000180   Zero   RW         2059    .bss                main.o
    0x20000238        -       0x00000018   Zero   RW         2150    .bss                stm32f30x_it.o
    0x20000250        -       0x00000400   Zero   RW         2422    STACK               startup_stm32f334x8.o


==============================================================================

Image component sizes


      Code (inc. data)   RO Data    RW Data    ZI Data      Debug   Object Name

       412          0          0          0          0       1823   adc_function.o
       178          0          0          0          0       3948   circuler_buffer.o
      4670        204        128         33        384      12983   main.o
        36          8        392          0       1024        960   startup_stm32f334x8.o
       654         30          0          0          0      11437   stm32f30x_adc.o
       464         30          0          0          0     372417   stm32f30x_gpio.o
       512        116          0         75         24       4037   stm32f30x_it.o
       132         22          0          0          0       1895   stm32f30x_misc.o
      1624         60          0         48          0       8235   stm32f30x_rcc.o
       554         80          0          0          0       5082   stm32f30x_tim.o
       564         38          0          0          0       5619   stm32f30x_usart.o
       412         50          0         20          0       2357   system_stm32f30x.o
       166         26          0          4          0      29182   systick_delay.o
       184         10          0          0          0       2147   uart_function.o
       244         16          0          0          0       1710   user_gpio.o

    ----------------------------------------------------------------------
     10816        690        552        184       1432     463832   Object Totals
         0          0         32          0          0          0   (incl. Generated)
        10          0          0          4          0          0   (incl. Padding)

    ----------------------------------------------------------------------

      Code (inc. data)   RO Data    RW Data    ZI Data      Debug   Library Member Name

         0          0          0          0          0          0   entry.o
         0          0          0          0          0          0   entry10a.o
         0          0          0          0          0          0   entry11a.o
         8          4          0          0          0          0   entry2.o
         4          0          0          0          0          0   entry5.o
         0          0          0          0          0          0   entry7b.o
         0          0          0          0          0          0   entry8b.o
         8          4          0          0          0          0   entry9a.o
        30          0          0          0          0          0   handlers.o
        36          8          0          0          0         68   init.o
        36          0          0          0          0         68   memcpya.o

    ----------------------------------------------------------------------
       124         16          0          0          0        136   Library Totals
         2          0          0          0          0          0   (incl. Padding)

    ----------------------------------------------------------------------

      Code (inc. data)   RO Data    RW Data    ZI Data      Debug   Library Name

       122         16          0          0          0        136   mc_w.l

    ----------------------------------------------------------------------
       124         16          0          0          0        136   Library Totals

    ----------------------------------------------------------------------

==============================================================================


      Code (inc. data)   RO Data    RW Data    ZI Data      Debug   

     10940        706        552        184       1432     457072   Grand Totals
     10940        706        552        184       1432     457072   ELF Image Totals
     10940        706        552        184          0          0   ROM Totals

==============================================================================

    Total RO  Size (Code + RO Data)                11492 (  11.22kB)
    Total RW  Size (RW Data + ZI Data)              1616 (   1.58kB)
    Total ROM Size (Code + RO Data + RW Data)      11676 (  11.40kB)

==============================================================================

